Archive member included to satisfy reference by file (symbol)

c:/nxp/mcuxpressoide_10.1.1_606/ide/tools/bin/../lib/gcc/arm-none-eabi/6.3.1/thumb/v6-m\libgcc.a(_udivsi3.o)
                              bsp\devices\MKE06Z4\drivers\fsl_clock.o (__aeabi_uidiv)
c:/nxp/mcuxpressoide_10.1.1_606/ide/tools/bin/../lib/gcc/arm-none-eabi/6.3.1/thumb/v6-m\libgcc.a(_divsi3.o)
                              bsp\devices\MKE06Z4\drivers\fsl_ftm.o (__aeabi_idiv)
c:/nxp/mcuxpressoide_10.1.1_606/ide/tools/bin/../lib/gcc/arm-none-eabi/6.3.1/thumb/v6-m\libgcc.a(_dvmd_tls.o)
                              c:/nxp/mcuxpressoide_10.1.1_606/ide/tools/bin/../lib/gcc/arm-none-eabi/6.3.1/thumb/v6-m\libgcc.a(_udivsi3.o) (__aeabi_idiv0)
c:/nxp/mcuxpressoide_10.1.1_606/ide/tools/bin/../lib/gcc/arm-none-eabi/6.3.1/thumb/v6-m\libgcc.a(_aeabi_uldivmod.o)
                              bsp\devices\MKE06Z4\drivers\fsl_rtc.o (__aeabi_uldivmod)
c:/nxp/mcuxpressoide_10.1.1_606/ide/tools/bin/../lib/gcc/arm-none-eabi/6.3.1/thumb/v6-m\libgcc.a(_muldi3.o)
                              bsp\devices\MKE06Z4\drivers\fsl_rtc.o (__aeabi_lmul)
c:/nxp/mcuxpressoide_10.1.1_606/ide/tools/bin/../lib/gcc/arm-none-eabi/6.3.1/thumb/v6-m\libgcc.a(_udivmoddi4.o)
                              c:/nxp/mcuxpressoide_10.1.1_606/ide/tools/bin/../lib/gcc/arm-none-eabi/6.3.1/thumb/v6-m\libgcc.a(_aeabi_uldivmod.o) (__udivmoddi4)
c:/nxp/mcuxpressoide_10.1.1_606/ide/tools/bin/../lib/gcc/arm-none-eabi/6.3.1/thumb/v6-m\libgcc.a(_clzdi2.o)
                              c:/nxp/mcuxpressoide_10.1.1_606/ide/tools/bin/../lib/gcc/arm-none-eabi/6.3.1/thumb/v6-m\libgcc.a(_udivmoddi4.o) (__clzdi2)
c:/nxp/mcuxpressoide_10.1.1_606/ide/tools/bin/../lib/gcc/arm-none-eabi/6.3.1/thumb/v6-m\libgcc.a(_clzsi2.o)
                              c:/nxp/mcuxpressoide_10.1.1_606/ide/tools/bin/../lib/gcc/arm-none-eabi/6.3.1/thumb/v6-m\libgcc.a(_clzdi2.o) (__clzsi2)
c:/nxp/mcuxpressoide_10.1.1_606/ide/tools/bin/../lib/gcc/arm-none-eabi/6.3.1/../../../../arm-none-eabi/lib/thumb/v6-m\libc.a(lib_a-assert.o)
                              bsp\devices\MKE06Z4\drivers\fsl_acmp.o (__assert_func)
c:/nxp/mcuxpressoide_10.1.1_606/ide/tools/bin/../lib/gcc/arm-none-eabi/6.3.1/../../../../arm-none-eabi/lib/thumb/v6-m\libc.a(lib_a-exit.o)
                              c:/nxp/mcuxpressoide_10.1.1_606/ide/tools/bin/../lib/gcc/arm-none-eabi/6.3.1/../../../../arm-none-eabi/lib/thumb/v6-m/crt0.o (exit)
c:/nxp/mcuxpressoide_10.1.1_606/ide/tools/bin/../lib/gcc/arm-none-eabi/6.3.1/../../../../arm-none-eabi/lib/thumb/v6-m\libc.a(lib_a-fiprintf.o)
                              c:/nxp/mcuxpressoide_10.1.1_606/ide/tools/bin/../lib/gcc/arm-none-eabi/6.3.1/../../../../arm-none-eabi/lib/thumb/v6-m\libc.a(lib_a-assert.o) (fiprintf)
c:/nxp/mcuxpressoide_10.1.1_606/ide/tools/bin/../lib/gcc/arm-none-eabi/6.3.1/../../../../arm-none-eabi/lib/thumb/v6-m\libc.a(lib_a-impure.o)
                              c:/nxp/mcuxpressoide_10.1.1_606/ide/tools/bin/../lib/gcc/arm-none-eabi/6.3.1/../../../../arm-none-eabi/lib/thumb/v6-m\libc.a(lib_a-exit.o) (_global_impure_ptr)
c:/nxp/mcuxpressoide_10.1.1_606/ide/tools/bin/../lib/gcc/arm-none-eabi/6.3.1/../../../../arm-none-eabi/lib/thumb/v6-m\libc.a(lib_a-init.o)
                              c:/nxp/mcuxpressoide_10.1.1_606/ide/tools/bin/../lib/gcc/arm-none-eabi/6.3.1/../../../../arm-none-eabi/lib/thumb/v6-m/crt0.o (__libc_init_array)
c:/nxp/mcuxpressoide_10.1.1_606/ide/tools/bin/../lib/gcc/arm-none-eabi/6.3.1/../../../../arm-none-eabi/lib/thumb/v6-m\libc.a(lib_a-memcpy-stub.o)
                              bsp\devices\MKE06Z4\drivers\fsl_flash.o (memcpy)
c:/nxp/mcuxpressoide_10.1.1_606/ide/tools/bin/../lib/gcc/arm-none-eabi/6.3.1/../../../../arm-none-eabi/lib/thumb/v6-m\libc.a(lib_a-memset.o)
                              c:/nxp/mcuxpressoide_10.1.1_606/ide/tools/bin/../lib/gcc/arm-none-eabi/6.3.1/../../../../arm-none-eabi/lib/thumb/v6-m/crt0.o (memset)
c:/nxp/mcuxpressoide_10.1.1_606/ide/tools/bin/../lib/gcc/arm-none-eabi/6.3.1/../../../../arm-none-eabi/lib/thumb/v6-m\libc.a(lib_a-sprintf.o)
                              platform\modules\d64fat\impl\d64reader.o (sprintf)
c:/nxp/mcuxpressoide_10.1.1_606/ide/tools/bin/../lib/gcc/arm-none-eabi/6.3.1/../../../../arm-none-eabi/lib/thumb/v6-m\libc.a(lib_a-strlen-stub.o)
                              platform\modules\d64fat\impl\d64reader.o (strlen)
c:/nxp/mcuxpressoide_10.1.1_606/ide/tools/bin/../lib/gcc/arm-none-eabi/6.3.1/../../../../arm-none-eabi/lib/thumb/v6-m\libc.a(lib_a-strncmp.o)
                              platform\modules\d64fat\impl\d64reader.o (strncmp)
c:/nxp/mcuxpressoide_10.1.1_606/ide/tools/bin/../lib/gcc/arm-none-eabi/6.3.1/../../../../arm-none-eabi/lib/thumb/v6-m\libc.a(lib_a-svfprintf.o)
                              c:/nxp/mcuxpressoide_10.1.1_606/ide/tools/bin/../lib/gcc/arm-none-eabi/6.3.1/../../../../arm-none-eabi/lib/thumb/v6-m\libc.a(lib_a-sprintf.o) (_svfprintf_r)
[...]
Memory Configuration

Name             Origin             Length             Attributes
m_interrupts     0x00000000         0x00000200         xr
m_flash_config   0x00000400         0x00000010         xr
m_text           0x00000410         0x0001fbf0         xr
m_data           0x1ffff000         0x00004000         rw
*default*        0x00000000         0xffffffff

Linker script and memory map

LOAD c:/nxp/mcuxpressoide_10.1.1_606/ide/tools/bin/../lib/gcc/arm-none-eabi/6.3.1/thumb/v6-m/crti.o
LOAD c:/nxp/mcuxpressoide_10.1.1_606/ide/tools/bin/../lib/gcc/arm-none-eabi/6.3.1/thumb/v6-m/crtbegin.o
LOAD c:/nxp/mcuxpressoide_10.1.1_606/ide/tools/bin/../lib/gcc/arm-none-eabi/6.3.1/../../../../arm-none-eabi/lib/thumb/v6-m/crt0.o
LOAD application\application.o
LOAD bsp\board.o
LOAD bsp\clock_config.o
LOAD bsp\devices\MKE06Z4\cmsis_drivers\fsl_i2c_cmsis.o
LOAD bsp\devices\MKE06Z4\cmsis_drivers\fsl_spi_cmsis.o
LOAD bsp\devices\MKE06Z4\cmsis_drivers\fsl_uart_cmsis.o
LOAD bsp\devices\MKE06Z4\drivers\fsl_acmp.o
LOAD bsp\devices\MKE06Z4\drivers\fsl_adc.o
LOAD bsp\devices\MKE06Z4\drivers\fsl_clock.o
LOAD bsp\devices\MKE06Z4\drivers\fsl_common.o
LOAD bsp\devices\MKE06Z4\drivers\fsl_flash.o
LOAD bsp\devices\MKE06Z4\drivers\fsl_ftm.o
LOAD bsp\devices\MKE06Z4\drivers\fsl_gpio.o
LOAD bsp\devices\MKE06Z4\drivers\fsl_i2c.o
LOAD bsp\devices\MKE06Z4\drivers\fsl_irq.o
LOAD bsp\devices\MKE06Z4\drivers\fsl_kbi.o
LOAD bsp\devices\MKE06Z4\drivers\fsl_mscan.o
LOAD bsp\devices\MKE06Z4\drivers\fsl_pit.o
LOAD bsp\devices\MKE06Z4\drivers\fsl_port.o
LOAD bsp\devices\MKE06Z4\drivers\fsl_pwt.o
LOAD bsp\devices\MKE06Z4\drivers\fsl_rtc.o
LOAD bsp\devices\MKE06Z4\drivers\fsl_spi.o
LOAD bsp\devices\MKE06Z4\drivers\fsl_tpm.o
LOAD bsp\devices\MKE06Z4\drivers\fsl_uart.o
LOAD bsp\devices\MKE06Z4\drivers\fsl_wdog8.o
LOAD bsp\devices\MKE06Z4\system_MKE06Z4.o
LOAD bsp\peripherals.o
LOAD bsp\pin_mux.o
LOAD bsp\startup_MKE06Z4.o
LOAD platform\modules\assert\impl\assertRequired.o
LOAD platform\modules\d64fat\impl\d64reader.o
LOAD platform\modules\d64fat\impl\d64sect.o
LOAD platform\modules\delay\impl\delay.o
LOAD platform\modules\fifo\impl\fifo.o
LOAD platform\modules\flash\impl\flash.o
LOAD platform\modules\iec\impl\iec.o
START GROUP
LOAD c:/nxp/mcuxpressoide_10.1.1_606/ide/tools/bin/../lib/gcc/arm-none-eabi/6.3.1/thumb/v6-m\libgcc.a
LOAD c:/nxp/mcuxpressoide_10.1.1_606/ide/tools/bin/../lib/gcc/arm-none-eabi/6.3.1/../../../../arm-none-eabi/lib/thumb/v6-m\libc.a
END GROUP
LOAD c:/nxp/mcuxpressoide_10.1.1_606/ide/tools/bin/../lib/gcc/arm-none-eabi/6.3.1/thumb/v6-m/crtend.o
LOAD c:/nxp/mcuxpressoide_10.1.1_606/ide/tools/bin/../lib/gcc/arm-none-eabi/6.3.1/thumb/v6-m/crtn.o
                0x00000400                HEAP_SIZE = DEFINED (__heap_size__)?__heap_size__:0x400
                0x00000400                STACK_SIZE = DEFINED (__stack_size__)?__stack_size__:0x400
START GROUP
LOAD c:/nxp/mcuxpressoide_10.1.1_606/ide/tools/bin/../lib/gcc/arm-none-eabi/6.3.1/thumb/v6-m\libgcc.a
LOAD c:/nxp/mcuxpressoide_10.1.1_606/ide/tools/bin/../lib/gcc/arm-none-eabi/6.3.1/../../../../arm-none-eabi/lib/thumb/v6-m\libc_nano.a
LOAD c:/nxp/mcuxpressoide_10.1.1_606/ide/tools/bin/../lib/gcc/arm-none-eabi/6.3.1/../../../../arm-none-eabi/lib/thumb/v6-m\libm.a
LOAD c:/nxp/mcuxpressoide_10.1.1_606/ide/tools/bin/../lib/gcc/arm-none-eabi/6.3.1/../../../../arm-none-eabi/lib/thumb/v6-m\libcr_newlib_nohost.a
END GROUP

.interrupts     0x00000000       0xc0
                0x00000000                . = ALIGN (0x4)
 *(.isr_vector)
 .isr_vector    0x00000000       0xc0 bsp\startup_MKE06Z4.o
                0x00000000                __isr_vector
                0x000000c0                . = ALIGN (0x4)

.flash_config   0x00000400       0x10
                0x00000400                . = ALIGN (0x4)
 *(.FlashConfig)
 .FlashConfig   0x00000400       0x10 bsp\startup_MKE06Z4.o
                0x00000410                . = ALIGN (0x4)

.text           0x00000410     0xaa4c
                0x00000410                . = ALIGN (0x4)
 *(.text)
 .text          0x00000410       0x60 c:/nxp/mcuxpressoide_10.1.1_606/ide/tools/bin/../lib/gcc/arm-none-eabi/6.3.1/thumb/v6-m/crtbegin.o
 .text          0x00000470       0x78 c:/nxp/mcuxpressoide_10.1.1_606/ide/tools/bin/../lib/gcc/arm-none-eabi/6.3.1/../../../../arm-none-eabi/lib/thumb/v6-m/crt0.o
                0x00000470                _start
                0x00000470                _mainCRTStartup
 .text          0x000004e8       0x1c application\application.o
                0x000004e8                main
 .text          0x00000504       0xc8 bsp\clock_config.o
                0x00000568                BOARD_InitBootClocks
                0x00000576                BOARD_BootClockRUN
 .text          0x000005cc      0xac4 bsp\devices\MKE06Z4\drivers\fsl_clock.o
                0x00000768                CLOCK_GetOsc0ErClkFreq
                0x000007b0                CLOCK_GetFlashClkFreq
                0x000007f8                CLOCK_GetBusClkFreq
                0x00000808                CLOCK_GetCoreSysClkFreq
                0x00000830                CLOCK_GetTimerClkFreq
                0x00000858                CLOCK_GetFreq
                0x000008e4                CLOCK_SetSimConfig
                0x00000924                CLOCK_GetICSOutClkFreq
                0x0000098c                CLOCK_GetFllFreq
                0x000009bc                CLOCK_GetInternalRefClkFreq
                0x000009e4                CLOCK_GetICSFixedFreqClkFreq
                0x00000a14                CLOCK_InitOsc0
                0x00000a94                CLOCK_DeinitOsc0
                0x00000aa8                CLOCK_GetMode
                0x00000b50                CLOCK_SetFeiMode
                0x00000bec                CLOCK_SetFeeMode
                0x00000cb0                CLOCK_SetFbiMode
                0x00000d34                CLOCK_SetFbeMode
                0x00000df0                CLOCK_SetBilpMode
                0x00000e2c                CLOCK_SetBelpMode
                0x00000e68                CLOCK_BootToFeiMode
                0x00000e88                CLOCK_BootToFeeMode
                0x00000eb4                CLOCK_BootToBilpMode
                0x00000f18                CLOCK_BootToBelpMode
                0x00000fa0                CLOCK_SetIcsConfig
 .text          0x00001090     0x1c38 bsp\devices\MKE06Z4\drivers\fsl_i2c.o
                0x00001234                I2C_GetInstance
                0x00001770                I2C_MasterInit
                0x0000188c                I2C_MasterDeinit
                0x000018c0                I2C_MasterGetDefaultConfig
                0x00001910                I2C_EnableInterrupts
                0x00001976                I2C_DisableInterrupts
                0x000019b8                I2C_MasterSetBaudRate
                0x00001aac                I2C_MasterStart
                0x00001b20                I2C_MasterRepeatedStart
                0x00001be4                I2C_MasterStop
                0x00001c1a                I2C_MasterGetStatusFlags
                0x00001c64                I2C_MasterWriteBlocking
                0x00001d50                I2C_MasterReadBlocking
                0x00001e3e                I2C_MasterTransferBlocking
                0x000020a0                I2C_MasterTransferCreateHandle
                0x0000212c                I2C_MasterTransferNonBlocking
                0x000021b4                I2C_MasterTransferAbort
                0x0000229c                I2C_MasterTransferGetCount
                0x000022ec                I2C_MasterTransferHandleIRQ
                0x000023bc                I2C_SlaveInit
                0x00002540                I2C_SlaveDeinit
                0x00002574                I2C_SlaveGetDefaultConfig
                0x000025cc                I2C_SlaveWriteBlocking
                0x0000266e                I2C_SlaveReadBlocking
                0x0000273a                I2C_SlaveTransferCreateHandle
                0x000027c8                I2C_SlaveTransferNonBlocking
                0x00002854                I2C_SlaveTransferAbort
                0x000028b0                I2C_SlaveTransferGetCount
                0x00002914                I2C_SlaveTransferHandleIRQ
                0x00002c88                I2C0_DriverIRQHandler
                0x00002ca8                I2C1_DriverIRQHandler
 .text          0x00002cc8     0x1094 bsp\devices\MKE06Z4\drivers\fsl_mscan.o
                0x000030f4                MSCAN_GetInstance
                0x00003258                MSCAN_Init
                0x00003408                MSCAN_Deinit
                0x0000343c                MSCAN_GetDefaultConfig
                0x000034a4                MSCAN_SetTimingConfig
                0x00003558                MSCAN_WriteTxMb
                0x0000377e                MSCAN_ReadRxMb
                0x00003908                MSCAN_TransferSendBlocking
                0x0000394c                MSCAN_TransferReceiveBlocking
                0x0000398a                MSCAN_TransferCreateHandle
                0x00003a48                MSCAN_TransferSendNonBlocking
                0x00003ae4                MSCAN_TransferReceiveNonBlocking
                0x00003b64                MSCAN_TransferAbortSend
                0x00003bc0                MSCAN_TransferAbortReceive
                0x00003c0c                MSCAN_TransferHandleIRQ
                0x00003d14                MSCAN_DriverIRQHandler
 .text          0x00003d5c      0x268 bsp\devices\MKE06Z4\drivers\fsl_port.o
                0x00003d5c                PORT_SetPinSelect
                0x00003e20                PORT_SetFilterSelect
                0x00003e9c                PORT_SetPinPullUpEnable
 .text          0x00003fc4      0x7ac bsp\devices\MKE06Z4\drivers\fsl_rtc.o
                0x000043dc                RTC_Init
                0x000044f4                RTC_Deinit
                0x0000450e                RTC_GetDefaultConfig
                0x00004558                RTC_GetDivideValue
                0x000045e8                RTC_SetDatetime
                0x0000464c                RTC_GetDatetime
                0x00004694                RTC_SetAlarm
                0x000046b8                RTC_GetAlarm
                0x000046fc                RTC_SetAlarmCallback
                0x00004718                RTC_DriverIRQHandler
 .text          0x00004770      0xe6c bsp\devices\MKE06Z4\drivers\fsl_spi.o
                0x00004862                SPI_GetInstance
                0x000048bc                SPI_SetDummyData
                0x00004b80                SPI_MasterGetDefaultConfig
                0x00004bc4                SPI_MasterInit
                0x00004cf4                SPI_SlaveGetDefaultConfig
                0x00004d28                SPI_SlaveInit
                0x00004e10                SPI_Deinit
                0x00004e4c                SPI_GetStatusFlags
                0x00004e62                SPI_EnableInterrupts
                0x00004ec0                SPI_DisableInterrupts
                0x00004f1a                SPI_MasterSetBaudRate
                0x00004fd2                SPI_WriteBlocking
                0x00005034                SPI_WriteData
                0x00005054                SPI_ReadData
                0x0000507e                SPI_MasterTransferBlocking
                0x0000515c                SPI_MasterTransferCreateHandle
                0x00005208                SPI_MasterTransferNonBlocking
                0x000052c8                SPI_MasterTransferGetCount
                0x0000533c                SPI_MasterTransferAbort
                0x0000538c                SPI_MasterTransferHandleIRQ
                0x00005420                SPI_SlaveTransferCreateHandle
                0x00005474                SPI_SlaveTransferHandleIRQ
                0x0000555c                SPI0_DriverIRQHandler
                0x0000559c                SPI1_DriverIRQHandler
 .text          0x000055dc     0x1440 bsp\devices\MKE06Z4\drivers\fsl_uart.o
                0x000056b0                UART_GetInstance
                0x00005710                UART_TransferGetRxRingBufferLength
                0x000057d8                UART_Init
                0x00005a00                UART_Deinit
                0x00005a40                UART_GetDefaultConfig
                0x00005a9c                UART_SetBaudRate
                0x00005be0                UART_EnableInterrupts
                0x00005c38                UART_DisableInterrupts
                0x00005c9c                UART_GetEnabledInterrupts
                0x00005cd4                UART_GetStatusFlags
                0x00005cfa                UART_ClearStatusFlags
                0x00005d7c                UART_WriteBlocking
                0x00005e0c                UART_ReadBlocking
                0x00005f0c                UART_TransferCreateHandle
                0x00005fa8                UART_TransferStartRingBuffer
                0x00006040                UART_TransferStopRingBuffer
                0x000060c4                UART_TransferSendNonBlocking
                0x00006194                UART_TransferAbortSend
                0x000061e4                UART_TransferGetSendCount
                0x00006254                UART_TransferReceiveNonBlocking
                0x0000644c                UART_TransferAbortReceive
                0x000064c4                UART_TransferGetReceiveCount
                0x00006540                UART_TransferHandleIRQ
                0x0000696c                UART_TransferHandleErrorIRQ
                0x0000697e                UART0_DriverIRQHandler
                0x000069a4                UART0_RX_TX_DriverIRQHandler
                0x000069b2                UART1_DriverIRQHandler
                0x000069d8                UART1_RX_TX_DriverIRQHandler
                0x000069e6                UART2_DriverIRQHandler
                0x00006a0c                UART2_RX_TX_DriverIRQHandler
 .text          0x00006a1c      0x11c bsp\devices\MKE06Z4\system_MKE06Z4.o
                0x00006a1c                SystemInit
                0x00006a68                SystemCoreClockUpdate
 .text          0x00006b38        0xa bsp\peripherals.o
                0x00006b38                BOARD_InitBootPeripherals
 *fill*         0x00006b42        0x2 
 .text          0x00006b44       0x84 bsp\pin_mux.o
                0x00006b44                BOARD_InitBootPins
                0x00006b52                BOARD_InitPins
                0x00006b5c                BOARD_InitLEDs
                0x00006b66                BOARD_InitDEBUG_UART
                0x00006b80                BOARD_InitACCEL
                0x00006b92                BOARD_InitOSC
                0x00006b9c                BOARD_InitCAN
                0x00006bb4                BOARD_InitINFRARED
                0x00006bbe                BOARD_InitTHER
 .text          0x00006bc8       0xc4 bsp\startup_MKE06Z4.o
                0x00006bc8                Reset_Handler
                0x00006c10                Reserved16_IRQHandler
                0x00006c10                ACMP1_IRQHandler
                0x00006c10                FTM2_IRQHandler
                0x00006c10                WDOG_IRQHandler
                0x00006c10                FTM0_IRQHandler
                0x00006c10                PMC_IRQHandler
                0x00006c10                KBI0_IRQHandler
                0x00006c10                Reserved19_IRQHandler
                0x00006c10                PIT_CH1_IRQHandler
                0x00006c10                ICS_IRQHandler
                0x00006c10                Reserved42_IRQHandler
                0x00006c10                PWT_IRQHandler
                0x00006c10                DefaultISR
                0x00006c10                FTMRE_IRQHandler
                0x00006c10                ACMP0_IRQHandler
                0x00006c10                ADC_IRQHandler
                0x00006c10                IRQ_IRQHandler
                0x00006c10                Reserved18_IRQHandler
                0x00006c10                FTM1_IRQHandler
                0x00006c10                Reserved17_IRQHandler
                0x00006c10                PIT_CH0_IRQHandler
                0x00006c10                Reserved20_IRQHandler
                0x00006c10                KBI1_IRQHandler
                0x00006c14                NMI_Handler
                0x00006c18                HardFault_Handler
                0x00006c1c                SVC_Handler
                0x00006c20                PendSV_Handler
                0x00006c24                SysTick_Handler
                0x00006c28                I2C0_IRQHandler
                0x00006c2c                I2C1_IRQHandler
                0x00006c30                SPI0_IRQHandler
                0x00006c34                SPI1_IRQHandler
                0x00006c38                UART0_IRQHandler
                0x00006c3c                UART1_IRQHandler
                0x00006c40                UART2_IRQHandler
                0x00006c44                RTC_IRQHandler
                0x00006c48                MSCAN_1_IRQHandler
                0x00006c4c                MSCAN_2_IRQHandler
 .text          0x00006c8c      0x114 c:/nxp/mcuxpressoide_10.1.1_606/ide/tools/bin/../lib/gcc/arm-none-eabi/6.3.1/thumb/v6-m\libgcc.a(_udivsi3.o)
                0x00006c8c                __aeabi_uidiv
                0x00006c8c                __udivsi3
                0x00006d98                __aeabi_uidivmod
 .text          0x00006da0      0x1d4 c:/nxp/mcuxpressoide_10.1.1_606/ide/tools/bin/../lib/gcc/arm-none-eabi/6.3.1/thumb/v6-m\libgcc.a(_divsi3.o)
                0x00006da0                __divsi3
                0x00006da0                __aeabi_idiv
                0x00006f6c                __aeabi_idivmod
 .text          0x00006f74        0x4 c:/nxp/mcuxpressoide_10.1.1_606/ide/tools/bin/../lib/gcc/arm-none-eabi/6.3.1/thumb/v6-m\libgcc.a(_dvmd_tls.o)
                0x00006f74                __aeabi_idiv0
                0x00006f74                __aeabi_ldiv0
 .text          0x00006f78       0x40 c:/nxp/mcuxpressoide_10.1.1_606/ide/tools/bin/../lib/gcc/arm-none-eabi/6.3.1/thumb/v6-m\libgcc.a(_aeabi_uldivmod.o)
                0x00006f78                __aeabi_uldivmod
 .text          0x00006fb8       0x54 c:/nxp/mcuxpressoide_10.1.1_606/ide/tools/bin/../lib/gcc/arm-none-eabi/6.3.1/thumb/v6-m\libgcc.a(_muldi3.o)
                0x00006fb8                __muldi3
                0x00006fb8                __aeabi_lmul
 .text          0x0000700c      0x180 c:/nxp/mcuxpressoide_10.1.1_606/ide/tools/bin/../lib/gcc/arm-none-eabi/6.3.1/thumb/v6-m\libgcc.a(_udivmoddi4.o)
                0x0000700c                __udivmoddi4
 .text          0x0000718c       0x18 c:/nxp/mcuxpressoide_10.1.1_606/ide/tools/bin/../lib/gcc/arm-none-eabi/6.3.1/thumb/v6-m\libgcc.a(_clzdi2.o)
                0x0000718c                __clzdi2
 .text          0x000071a4       0x3c c:/nxp/mcuxpressoide_10.1.1_606/ide/tools/bin/../lib/gcc/arm-none-eabi/6.3.1/thumb/v6-m\libgcc.a(_clzsi2.o)
                0x000071a4                __clzsi2
 *(.text*)
 .text.__assert_func
                0x000071e0       0x40 c:/nxp/mcuxpressoide_10.1.1_606/ide/tools/bin/../lib/gcc/arm-none-eabi/6.3.1/../../../../arm-none-eabi/lib/thumb/v6-m\libc.a(lib_a-assert.o)
                0x000071e0                __assert_func
 .text.exit     0x00007220       0x20 c:/nxp/mcuxpressoide_10.1.1_606/ide/tools/bin/../lib/gcc/arm-none-eabi/6.3.1/../../../../arm-none-eabi/lib/thumb/v6-m\libc.a(lib_a-exit.o)
                0x00007220                exit
 .text.fiprintf
                0x00007240       0x24 c:/nxp/mcuxpressoide_10.1.1_606/ide/tools/bin/../lib/gcc/arm-none-eabi/6.3.1/../../../../arm-none-eabi/lib/thumb/v6-m\libc.a(lib_a-fiprintf.o)
                0x00007240                fiprintf
 .text.__libc_init_array
                0x00007264       0x48 c:/nxp/mcuxpressoide_10.1.1_606/ide/tools/bin/../lib/gcc/arm-none-eabi/6.3.1/../../../../arm-none-eabi/lib/thumb/v6-m\libc.a(lib_a-init.o)
                0x00007264                __libc_init_array
 .text.memcpy   0x000072ac       0x84 c:/nxp/mcuxpressoide_10.1.1_606/ide/tools/bin/../lib/gcc/arm-none-eabi/6.3.1/../../../../arm-none-eabi/lib/thumb/v6-m\libc.a(lib_a-memcpy-stub.o)
                0x000072ac                memcpy
 .text.memset   0x00007330       0x94 c:/nxp/mcuxpressoide_10.1.1_606/ide/tools/bin/../lib/gcc/arm-none-eabi/6.3.1/../../../../arm-none-eabi/lib/thumb/v6-m\libc.a(lib_a-memset.o)
                0x00007330                memset
 .text.strlen   0x000073c4       0x64 c:/nxp/mcuxpressoide_10.1.1_606/ide/tools/bin/../lib/gcc/arm-none-eabi/6.3.1/../../../../arm-none-eabi/lib/thumb/v6-m\libc.a(lib_a-strlen-stub.o)
                0x000073c4                strlen
 .text.__sprint_r.part.0
                0x00007428       0x84 c:/nxp/mcuxpressoide_10.1.1_606/ide/tools/bin/../lib/gcc/arm-none-eabi/6.3.1/../../../../arm-none-eabi/lib/thumb/v6-m\libc.a(lib_a-vfiprintf.o)
 .text._vfiprintf_r
                0x000074ac      0xca8 c:/nxp/mcuxpressoide_10.1.1_606/ide/tools/bin/../lib/gcc/arm-none-eabi/6.3.1/../../../../arm-none-eabi/lib/thumb/v6-m\libc.a(lib_a-vfiprintf.o)
                0x000074ac                _vfiprintf_r
 .text.__sbprintf
                0x00008154       0x88 c:/nxp/mcuxpressoide_10.1.1_606/ide/tools/bin/../lib/gcc/arm-none-eabi/6.3.1/../../../../arm-none-eabi/lib/thumb/v6-m\libc.a(lib_a-vfiprintf.o)
 .text.__swsetup_r
                0x000081dc       0xd4 c:/nxp/mcuxpressoide_10.1.1_606/ide/tools/bin/../lib/gcc/arm-none-eabi/6.3.1/../../../../arm-none-eabi/lib/thumb/v6-m\libc.a(lib_a-wsetup.o)
                0x000081dc                __swsetup_r
 .text.startup.register_fini
                0x000082b0       0x18 c:/nxp/mcuxpressoide_10.1.1_606/ide/tools/bin/../lib/gcc/arm-none-eabi/6.3.1/../../../../arm-none-eabi/lib/thumb/v6-m\libc.a(lib_a-__call_atexit.o)
 .text.__call_exitprocs
                0x000082c8      0x110 c:/nxp/mcuxpressoide_10.1.1_606/ide/tools/bin/../lib/gcc/arm-none-eabi/6.3.1/../../../../arm-none-eabi/lib/thumb/v6-m\libc.a(lib_a-__call_atexit.o)
                0x000082c8                __call_exitprocs
 .text.abort    0x000083d8       0x10 c:/nxp/mcuxpressoide_10.1.1_606/ide/tools/bin/../lib/gcc/arm-none-eabi/6.3.1/../../../../arm-none-eabi/lib/thumb/v6-m\libc.a(lib_a-abort.o)
                0x000083d8                abort
 .text.atexit   0x000083e8       0x10 c:/nxp/mcuxpressoide_10.1.1_606/ide/tools/bin/../lib/gcc/arm-none-eabi/6.3.1/../../../../arm-none-eabi/lib/thumb/v6-m\libc.a(lib_a-atexit.o)
                0x000083e8                atexit
 .text.__sflush_r
                0x000083f8      0x150 c:/nxp/mcuxpressoide_10.1.1_606/ide/tools/bin/../lib/gcc/arm-none-eabi/6.3.1/../../../../arm-none-eabi/lib/thumb/v6-m\libc.a(lib_a-fflush.o)
                0x000083f8                __sflush_r
 .text._fflush_r
                0x00008548       0x54 c:/nxp/mcuxpressoide_10.1.1_606/ide/tools/bin/../lib/gcc/arm-none-eabi/6.3.1/../../../../arm-none-eabi/lib/thumb/v6-m\libc.a(lib_a-fflush.o)
                0x00008548                _fflush_r
 .text._cleanup_r
                0x0000859c       0x10 c:/nxp/mcuxpressoide_10.1.1_606/ide/tools/bin/../lib/gcc/arm-none-eabi/6.3.1/../../../../arm-none-eabi/lib/thumb/v6-m\libc.a(lib_a-findfp.o)
                0x0000859c                _cleanup_r
 .text.std.isra.0
                0x000085ac       0x50 c:/nxp/mcuxpressoide_10.1.1_606/ide/tools/bin/../lib/gcc/arm-none-eabi/6.3.1/../../../../arm-none-eabi/lib/thumb/v6-m\libc.a(lib_a-findfp.o)
 .text.__sinit  0x000085fc       0x60 c:/nxp/mcuxpressoide_10.1.1_606/ide/tools/bin/../lib/gcc/arm-none-eabi/6.3.1/../../../../arm-none-eabi/lib/thumb/v6-m\libc.a(lib_a-findfp.o)
                0x000085fc                __sinit
 .text.__sfp_lock_acquire
                0x0000865c       0x10 c:/nxp/mcuxpressoide_10.1.1_606/ide/tools/bin/../lib/gcc/arm-none-eabi/6.3.1/../../../../arm-none-eabi/lib/thumb/v6-m\libc.a(lib_a-findfp.o)
                0x0000865c                __sfp_lock_acquire
 .text.__sfp_lock_release
                0x0000866c       0x10 c:/nxp/mcuxpressoide_10.1.1_606/ide/tools/bin/../lib/gcc/arm-none-eabi/6.3.1/../../../../arm-none-eabi/lib/thumb/v6-m\libc.a(lib_a-findfp.o)
                0x0000866c                __sfp_lock_release
 .text.__libc_fini_array
                0x0000867c       0x34 c:/nxp/mcuxpressoide_10.1.1_606/ide/tools/bin/../lib/gcc/arm-none-eabi/6.3.1/../../../../arm-none-eabi/lib/thumb/v6-m\libc.a(lib_a-fini.o)
                0x0000867c                __libc_fini_array
 .text.__fputwc
                0x000086b0       0x98 c:/nxp/mcuxpressoide_10.1.1_606/ide/tools/bin/../lib/gcc/arm-none-eabi/6.3.1/../../../../arm-none-eabi/lib/thumb/v6-m\libc.a(lib_a-fputwc.o)
                0x000086b0                __fputwc
 .text._fputwc_r
                0x00008748       0x5c c:/nxp/mcuxpressoide_10.1.1_606/ide/tools/bin/../lib/gcc/arm-none-eabi/6.3.1/../../../../arm-none-eabi/lib/thumb/v6-m\libc.a(lib_a-fputwc.o)
                0x00008748                _fputwc_r
 .text._malloc_trim_r
                0x000087a4       0xa0 c:/nxp/mcuxpressoide_10.1.1_606/ide/tools/bin/../lib/gcc/arm-none-eabi/6.3.1/../../../../arm-none-eabi/lib/thumb/v6-m\libc.a(lib_a-freer.o)
                0x000087a4                _malloc_trim_r
 .text._free_r  0x00008844      0x1bc c:/nxp/mcuxpressoide_10.1.1_606/ide/tools/bin/../lib/gcc/arm-none-eabi/6.3.1/../../../../arm-none-eabi/lib/thumb/v6-m\libc.a(lib_a-freer.o)
                0x00008844                _free_r
 .text.__sfvwrite_r
                0x00008a00      0x304 c:/nxp/mcuxpressoide_10.1.1_606/ide/tools/bin/../lib/gcc/arm-none-eabi/6.3.1/../../../../arm-none-eabi/lib/thumb/v6-m\libc.a(lib_a-fvwrite.o)
                0x00008a00                __sfvwrite_r
 .text._fwalk_reent
                0x00008d04       0x4c c:/nxp/mcuxpressoide_10.1.1_606/ide/tools/bin/../lib/gcc/arm-none-eabi/6.3.1/../../../../arm-none-eabi/lib/thumb/v6-m\libc.a(lib_a-fwalk.o)
                0x00008d04                _fwalk_reent
 .text.__locale_mb_cur_max
                0x00008d50       0x20 c:/nxp/mcuxpressoide_10.1.1_606/ide/tools/bin/../lib/gcc/arm-none-eabi/6.3.1/../../../../arm-none-eabi/lib/thumb/v6-m\libc.a(lib_a-locale.o)
                0x00008d50                __locale_mb_cur_max
 .text.__retarget_lock_init_recursive
                0x00008d70        0x4 c:/nxp/mcuxpressoide_10.1.1_606/ide/tools/bin/../lib/gcc/arm-none-eabi/6.3.1/../../../../arm-none-eabi/lib/thumb/v6-m\libc.a(lib_a-lock.o)
                0x00008d70                __retarget_lock_init_recursive
 .text.__retarget_lock_close_recursive
                0x00008d74        0x4 c:/nxp/mcuxpressoide_10.1.1_606/ide/tools/bin/../lib/gcc/arm-none-eabi/6.3.1/../../../../arm-none-eabi/lib/thumb/v6-m\libc.a(lib_a-lock.o)
                0x00008d74                __retarget_lock_close_recursive
 .text.__retarget_lock_acquire_recursive
                0x00008d78        0x4 c:/nxp/mcuxpressoide_10.1.1_606/ide/tools/bin/../lib/gcc/arm-none-eabi/6.3.1/../../../../arm-none-eabi/lib/thumb/v6-m\libc.a(lib_a-lock.o)
                0x00008d78                __retarget_lock_acquire_recursive
 .text.__retarget_lock_release_recursive
                0x00008d7c        0x4 c:/nxp/mcuxpressoide_10.1.1_606/ide/tools/bin/../lib/gcc/arm-none-eabi/6.3.1/../../../../arm-none-eabi/lib/thumb/v6-m\libc.a(lib_a-lock.o)
                0x00008d7c                __retarget_lock_release_recursive
 .text.__swhatbuf_r
                0x00008d80       0x60 c:/nxp/mcuxpressoide_10.1.1_606/ide/tools/bin/../lib/gcc/arm-none-eabi/6.3.1/../../../../arm-none-eabi/lib/thumb/v6-m\libc.a(lib_a-makebuf.o)
                0x00008d80                __swhatbuf_r
 .text.__smakebuf_r
                0x00008de0       0x90 c:/nxp/mcuxpressoide_10.1.1_606/ide/tools/bin/../lib/gcc/arm-none-eabi/6.3.1/../../../../arm-none-eabi/lib/thumb/v6-m\libc.a(lib_a-makebuf.o)
                0x00008de0                __smakebuf_r
 .text._malloc_r
                0x00008e70      0x568 c:/nxp/mcuxpressoide_10.1.1_606/ide/tools/bin/../lib/gcc/arm-none-eabi/6.3.1/../../../../arm-none-eabi/lib/thumb/v6-m\libc.a(lib_a-mallocr.o)
                0x00008e70                _malloc_r
 .text.__ascii_mbtowc
                0x000093d8       0x2c c:/nxp/mcuxpressoide_10.1.1_606/ide/tools/bin/../lib/gcc/arm-none-eabi/6.3.1/../../../../arm-none-eabi/lib/thumb/v6-m\libc.a(lib_a-mbtowc_r.o)
                0x000093d8                __ascii_mbtowc
 .text.memchr   0x00009404       0x80 c:/nxp/mcuxpressoide_10.1.1_606/ide/tools/bin/../lib/gcc/arm-none-eabi/6.3.1/../../../../arm-none-eabi/lib/thumb/v6-m\libc.a(lib_a-memchr-stub.o)
                0x00009404                memchr
 .text.memmove  0x00009484       0xa0 c:/nxp/mcuxpressoide_10.1.1_606/ide/tools/bin/../lib/gcc/arm-none-eabi/6.3.1/../../../../arm-none-eabi/lib/thumb/v6-m\libc.a(lib_a-memmove.o)
                0x00009484                memmove
 .text.__malloc_lock
                0x00009524       0x10 c:/nxp/mcuxpressoide_10.1.1_606/ide/tools/bin/../lib/gcc/arm-none-eabi/6.3.1/../../../../arm-none-eabi/lib/thumb/v6-m\libc.a(lib_a-mlock.o)
                0x00009524                __malloc_lock
 .text.__malloc_unlock
                0x00009534       0x10 c:/nxp/mcuxpressoide_10.1.1_606/ide/tools/bin/../lib/gcc/arm-none-eabi/6.3.1/../../../../arm-none-eabi/lib/thumb/v6-m\libc.a(lib_a-mlock.o)
                0x00009534                __malloc_unlock
 .text._realloc_r
                0x00009544      0x37c c:/nxp/mcuxpressoide_10.1.1_606/ide/tools/bin/../lib/gcc/arm-none-eabi/6.3.1/../../../../arm-none-eabi/lib/thumb/v6-m\libc.a(lib_a-reallocr.o)
                0x00009544                _realloc_r
 .text._sbrk_r  0x000098c0       0x24 c:/nxp/mcuxpressoide_10.1.1_606/ide/tools/bin/../lib/gcc/arm-none-eabi/6.3.1/../../../../arm-none-eabi/lib/thumb/v6-m\libc.a(lib_a-sbrkr.o)
                0x000098c0                _sbrk_r
 .text._raise_r
                0x000098e4       0x5c c:/nxp/mcuxpressoide_10.1.1_606/ide/tools/bin/../lib/gcc/arm-none-eabi/6.3.1/../../../../arm-none-eabi/lib/thumb/v6-m\libc.a(lib_a-signal.o)
                0x000098e4                _raise_r
 .text.raise    0x00009940       0x14 c:/nxp/mcuxpressoide_10.1.1_606/ide/tools/bin/../lib/gcc/arm-none-eabi/6.3.1/../../../../arm-none-eabi/lib/thumb/v6-m\libc.a(lib_a-signal.o)
                0x00009940                raise
 .text._kill_r  0x00009954       0x28 c:/nxp/mcuxpressoide_10.1.1_606/ide/tools/bin/../lib/gcc/arm-none-eabi/6.3.1/../../../../arm-none-eabi/lib/thumb/v6-m\libc.a(lib_a-signalr.o)
                0x00009954                _kill_r
 .text._getpid_r
                0x0000997c        0x8 c:/nxp/mcuxpressoide_10.1.1_606/ide/tools/bin/../lib/gcc/arm-none-eabi/6.3.1/../../../../arm-none-eabi/lib/thumb/v6-m\libc.a(lib_a-signalr.o)
                0x0000997c                _getpid_r
 .text.__sread  0x00009984       0x28 c:/nxp/mcuxpressoide_10.1.1_606/ide/tools/bin/../lib/gcc/arm-none-eabi/6.3.1/../../../../arm-none-eabi/lib/thumb/v6-m\libc.a(lib_a-stdio.o)
                0x00009984                __sread
 .text.__swrite
                0x000099ac       0x3c c:/nxp/mcuxpressoide_10.1.1_606/ide/tools/bin/../lib/gcc/arm-none-eabi/6.3.1/../../../../arm-none-eabi/lib/thumb/v6-m\libc.a(lib_a-stdio.o)
                0x000099ac                __swrite
 .text.__sseek  0x000099e8       0x2c c:/nxp/mcuxpressoide_10.1.1_606/ide/tools/bin/../lib/gcc/arm-none-eabi/6.3.1/../../../../arm-none-eabi/lib/thumb/v6-m\libc.a(lib_a-stdio.o)
                0x000099e8                __sseek
 .text.__sclose
                0x00009a14        0xc c:/nxp/mcuxpressoide_10.1.1_606/ide/tools/bin/../lib/gcc/arm-none-eabi/6.3.1/../../../../arm-none-eabi/lib/thumb/v6-m\libc.a(lib_a-stdio.o)
                0x00009a14                __sclose
 .text.__swbuf_r
                0x00009a20       0xbc c:/nxp/mcuxpressoide_10.1.1_606/ide/tools/bin/../lib/gcc/arm-none-eabi/6.3.1/../../../../arm-none-eabi/lib/thumb/v6-m\libc.a(lib_a-wbuf.o)
                0x00009a20                __swbuf_r
 .text._wcrtomb_r
                0x00009adc       0x54 c:/nxp/mcuxpressoide_10.1.1_606/ide/tools/bin/../lib/gcc/arm-none-eabi/6.3.1/../../../../arm-none-eabi/lib/thumb/v6-m\libc.a(lib_a-wcrtomb.o)
                0x00009adc                _wcrtomb_r
 .text.__ascii_wctomb
                0x00009b30       0x1c c:/nxp/mcuxpressoide_10.1.1_606/ide/tools/bin/../lib/gcc/arm-none-eabi/6.3.1/../../../../arm-none-eabi/lib/thumb/v6-m\libc.a(lib_a-wctomb_r.o)
                0x00009b30                __ascii_wctomb
 .text._write_r
                0x00009b4c       0x28 c:/nxp/mcuxpressoide_10.1.1_606/ide/tools/bin/../lib/gcc/arm-none-eabi/6.3.1/../../../../arm-none-eabi/lib/thumb/v6-m\libc.a(lib_a-writer.o)
                0x00009b4c                _write_r
 .text.__register_exitproc
                0x00009b74       0xf4 c:/nxp/mcuxpressoide_10.1.1_606/ide/tools/bin/../lib/gcc/arm-none-eabi/6.3.1/../../../../arm-none-eabi/lib/thumb/v6-m\libc.a(lib_a-__atexit.o)
                0x00009b74                __register_exitproc
 .text._close_r
                0x00009c68       0x24 c:/nxp/mcuxpressoide_10.1.1_606/ide/tools/bin/../lib/gcc/arm-none-eabi/6.3.1/../../../../arm-none-eabi/lib/thumb/v6-m\libc.a(lib_a-closer.o)
                0x00009c68                _close_r
 .text._fclose_r
                0x00009c8c       0xcc c:/nxp/mcuxpressoide_10.1.1_606/ide/tools/bin/../lib/gcc/arm-none-eabi/6.3.1/../../../../arm-none-eabi/lib/thumb/v6-m\libc.a(lib_a-fclose.o)
                0x00009c8c                _fclose_r
 .text._fstat_r
                0x00009d58       0x28 c:/nxp/mcuxpressoide_10.1.1_606/ide/tools/bin/../lib/gcc/arm-none-eabi/6.3.1/../../../../arm-none-eabi/lib/thumb/v6-m\libc.a(lib_a-fstatr.o)
                0x00009d58                _fstat_r
 .text._isatty_r
                0x00009d80       0x24 c:/nxp/mcuxpressoide_10.1.1_606/ide/tools/bin/../lib/gcc/arm-none-eabi/6.3.1/../../../../arm-none-eabi/lib/thumb/v6-m\libc.a(lib_a-isattyr.o)
                0x00009d80                _isatty_r
 .text._lseek_r
                0x00009da4       0x28 c:/nxp/mcuxpressoide_10.1.1_606/ide/tools/bin/../lib/gcc/arm-none-eabi/6.3.1/../../../../arm-none-eabi/lib/thumb/v6-m\libc.a(lib_a-lseekr.o)
                0x00009da4                _lseek_r
 .text._read_r  0x00009dcc       0x28 c:/nxp/mcuxpressoide_10.1.1_606/ide/tools/bin/../lib/gcc/arm-none-eabi/6.3.1/../../../../arm-none-eabi/lib/thumb/v6-m\libc.a(lib_a-readr.o)
                0x00009dcc                _read_r
 .text._sbrk    0x00009df4       0x40 c:/nxp/mcuxpressoide_10.1.1_606/ide/tools/bin/../lib/gcc/arm-none-eabi/6.3.1/../../../../arm-none-eabi/lib/thumb/v6-m\libcr_newlib_nohost.a(_cr_sbrk.o)
                0x00009df4                _sbrk
 .text._exit    0x00009e34        0x2 c:/nxp/mcuxpressoide_10.1.1_606/ide/tools/bin/../lib/gcc/arm-none-eabi/6.3.1/../../../../arm-none-eabi/lib/thumb/v6-m\libcr_newlib_nohost.a(_exit.o)
                0x00009e34                _exit
 *fill*         0x00009e36        0x2 
 .text._close   0x00009e38       0x10 c:/nxp/mcuxpressoide_10.1.1_606/ide/tools/bin/../lib/gcc/arm-none-eabi/6.3.1/../../../../arm-none-eabi/lib/thumb/v6-m\libcr_newlib_nohost.a(close.o)
                0x00009e38                _close
 .text._fstat   0x00009e48       0x10 c:/nxp/mcuxpressoide_10.1.1_606/ide/tools/bin/../lib/gcc/arm-none-eabi/6.3.1/../../../../arm-none-eabi/lib/thumb/v6-m\libcr_newlib_nohost.a(fstat.o)
                0x00009e48                _fstat
 .text._getpid  0x00009e58       0x10 c:/nxp/mcuxpressoide_10.1.1_606/ide/tools/bin/../lib/gcc/arm-none-eabi/6.3.1/../../../../arm-none-eabi/lib/thumb/v6-m\libcr_newlib_nohost.a(getpid.o)
                0x00009e58                _getpid
 .text._isatty  0x00009e68       0x10 c:/nxp/mcuxpressoide_10.1.1_606/ide/tools/bin/../lib/gcc/arm-none-eabi/6.3.1/../../../../arm-none-eabi/lib/thumb/v6-m\libcr_newlib_nohost.a(isatty.o)
                0x00009e68                _isatty
 .text._kill    0x00009e78       0x10 c:/nxp/mcuxpressoide_10.1.1_606/ide/tools/bin/../lib/gcc/arm-none-eabi/6.3.1/../../../../arm-none-eabi/lib/thumb/v6-m\libcr_newlib_nohost.a(kill.o)
                0x00009e78                _kill
 .text._lseek   0x00009e88       0x10 c:/nxp/mcuxpressoide_10.1.1_606/ide/tools/bin/../lib/gcc/arm-none-eabi/6.3.1/../../../../arm-none-eabi/lib/thumb/v6-m\libcr_newlib_nohost.a(lseek.o)
                0x00009e88                _lseek
 .text._read    0x00009e98       0x10 c:/nxp/mcuxpressoide_10.1.1_606/ide/tools/bin/../lib/gcc/arm-none-eabi/6.3.1/../../../../arm-none-eabi/lib/thumb/v6-m\libcr_newlib_nohost.a(read.o)
                0x00009e98                _read
 .text._write   0x00009ea8       0x10 c:/nxp/mcuxpressoide_10.1.1_606/ide/tools/bin/../lib/gcc/arm-none-eabi/6.3.1/../../../../arm-none-eabi/lib/thumb/v6-m\libcr_newlib_nohost.a(write.o)
                0x00009ea8                _write
 .text.__check_heap_overflow
                0x00009eb8       0x18 c:/nxp/mcuxpressoide_10.1.1_606/ide/tools/bin/../lib/gcc/arm-none-eabi/6.3.1/../../../../arm-none-eabi/lib/thumb/v6-m\libcr_newlib_nohost.a(_cr_check_heap.o)
                0x00009eb8                __check_heap_overflow
 .text.__errno  0x00009ed0        0xc c:/nxp/mcuxpressoide_10.1.1_606/ide/tools/bin/../lib/gcc/arm-none-eabi/6.3.1/../../../../arm-none-eabi/lib/thumb/v6-m\libc_nano.a(lib_a-errno.o)
                0x00009ed0                __errno
 *(.rodata)
 .rodata        0x00009edc       0x10 bsp\clock_config.o
                0x00009edc                icsConfig_BOARD_BootClockRUN
                0x00009ee0                simConfig_BOARD_BootClockRUN
                0x00009ee4                oscConfig_BOARD_BootClockRUN
 .rodata        0x00009eec       0xcf bsp\devices\MKE06Z4\drivers\fsl_clock.o
 *fill*         0x00009fbb        0x1 
 .rodata        0x00009fbc      0x313 bsp\devices\MKE06Z4\drivers\fsl_i2c.o
 *fill*         0x0000a2cf        0x1 
 .rodata        0x0000a2d0      0x1f3 bsp\devices\MKE06Z4\drivers\fsl_mscan.o
 *fill*         0x0000a4c3        0x1 
 .rodata        0x0000a4c4      0x195 bsp\devices\MKE06Z4\drivers\fsl_rtc.o
 *fill*         0x0000a659        0x3 
 .rodata        0x0000a65c      0x20a bsp\devices\MKE06Z4\drivers\fsl_spi.o
 *fill*         0x0000a866        0x2 
 .rodata        0x0000a868      0x2cf bsp\devices\MKE06Z4\drivers\fsl_uart.o
 *(.rodata*)
 *fill*         0x0000ab37        0x1 
 .rodata.__assert_func.str1.4
                0x0000ab38       0x3f c:/nxp/mcuxpressoide_10.1.1_606/ide/tools/bin/../lib/gcc/arm-none-eabi/6.3.1/../../../../arm-none-eabi/lib/thumb/v6-m\libc.a(lib_a-assert.o)
                                 0x43 (size before relaxing)
 *fill*         0x0000ab77        0x1 
 .rodata._global_impure_ptr
                0x0000ab78        0x4 c:/nxp/mcuxpressoide_10.1.1_606/ide/tools/bin/../lib/gcc/arm-none-eabi/6.3.1/../../../../arm-none-eabi/lib/thumb/v6-m\libc.a(lib_a-impure.o)
                0x0000ab78                _global_impure_ptr
 .rodata._vfiprintf_r
                0x0000ab7c      0x164 c:/nxp/mcuxpressoide_10.1.1_606/ide/tools/bin/../lib/gcc/arm-none-eabi/6.3.1/../../../../arm-none-eabi/lib/thumb/v6-m\libc.a(lib_a-vfiprintf.o)
 .rodata._vfiprintf_r.str1.4
                0x0000ace0       0x2f c:/nxp/mcuxpressoide_10.1.1_606/ide/tools/bin/../lib/gcc/arm-none-eabi/6.3.1/../../../../arm-none-eabi/lib/thumb/v6-m\libc.a(lib_a-vfiprintf.o)
 *fill*         0x0000ad0f        0x1 
 .rodata.blanks.7217
                0x0000ad10       0x10 c:/nxp/mcuxpressoide_10.1.1_606/ide/tools/bin/../lib/gcc/arm-none-eabi/6.3.1/../../../../arm-none-eabi/lib/thumb/v6-m\libc.a(lib_a-vfiprintf.o)
 .rodata.zeroes.7218
                0x0000ad20       0x10 c:/nxp/mcuxpressoide_10.1.1_606/ide/tools/bin/../lib/gcc/arm-none-eabi/6.3.1/../../../../arm-none-eabi/lib/thumb/v6-m\libc.a(lib_a-vfiprintf.o)
 .rodata._setlocale_r.str1.4
                0x0000ad30        0xa c:/nxp/mcuxpressoide_10.1.1_606/ide/tools/bin/../lib/gcc/arm-none-eabi/6.3.1/../../../../arm-none-eabi/lib/thumb/v6-m\libc.a(lib_a-locale.o)
                                  0xd (size before relaxing)
 *fill*         0x0000ad3a        0x2 
 .rodata.str1.4
                0x0000ad3c        0x4 c:/nxp/mcuxpressoide_10.1.1_606/ide/tools/bin/../lib/gcc/arm-none-eabi/6.3.1/../../../../arm-none-eabi/lib/thumb/v6-m\libc.a(lib_a-locale.o)
                                  0x2 (size before relaxing)
 .rodata._ctype_
                0x0000ad40      0x101 c:/nxp/mcuxpressoide_10.1.1_606/ide/tools/bin/../lib/gcc/arm-none-eabi/6.3.1/../../../../arm-none-eabi/lib/thumb/v6-m\libc.a(lib_a-ctype_.o)
                0x0000ad40                _ctype_
 *(.glue_7)
 .glue_7        0x0000ae41        0x0 linker stubs
 *(.glue_7t)
 .glue_7t       0x0000ae41        0x0 linker stubs
 *(.eh_frame)
 *fill*         0x0000ae41        0x3 
 .eh_frame      0x0000ae44        0x0 c:/nxp/mcuxpressoide_10.1.1_606/ide/tools/bin/../lib/gcc/arm-none-eabi/6.3.1/thumb/v6-m/crtbegin.o
 *(.init)
 .init          0x0000ae44        0x4 c:/nxp/mcuxpressoide_10.1.1_606/ide/tools/bin/../lib/gcc/arm-none-eabi/6.3.1/thumb/v6-m/crti.o
                0x0000ae44                _init
 .init          0x0000ae48        0x8 c:/nxp/mcuxpressoide_10.1.1_606/ide/tools/bin/../lib/gcc/arm-none-eabi/6.3.1/thumb/v6-m/crtn.o
 *(.fini)
 .fini          0x0000ae50        0x4 c:/nxp/mcuxpressoide_10.1.1_606/ide/tools/bin/../lib/gcc/arm-none-eabi/6.3.1/thumb/v6-m/crti.o
                0x0000ae50                _fini
 .fini          0x0000ae54        0x8 c:/nxp/mcuxpressoide_10.1.1_606/ide/tools/bin/../lib/gcc/arm-none-eabi/6.3.1/thumb/v6-m/crtn.o
                0x0000ae5c                . = ALIGN (0x4)

.vfp11_veneer   0x0000ae5c        0x0
 .vfp11_veneer  0x0000ae5c        0x0 linker stubs

.v4_bx          0x0000ae5c        0x0
 .v4_bx         0x0000ae5c        0x0 linker stubs

.iplt           0x0000ae5c        0x0
 .iplt          0x0000ae5c        0x0 c:/nxp/mcuxpressoide_10.1.1_606/ide/tools/bin/../lib/gcc/arm-none-eabi/6.3.1/thumb/v6-m/crtbegin.o

.ARM.extab
 *(.ARM.extab* .gnu.linkonce.armextab.*)

.ARM            0x0000ae5c        0x8
                0x0000ae5c                __exidx_start = .
 *(.ARM.exidx*)
 .ARM.exidx     0x0000ae5c        0x8 c:/nxp/mcuxpressoide_10.1.1_606/ide/tools/bin/../lib/gcc/arm-none-eabi/6.3.1/../../../../arm-none-eabi/lib/thumb/v6-m/crt0.o
 .ARM.exidx     0x0000ae64        0x0 c:/nxp/mcuxpressoide_10.1.1_606/ide/tools/bin/../lib/gcc/arm-none-eabi/6.3.1/thumb/v6-m\libgcc.a(_udivmoddi4.o)
                                  0x8 (size before relaxing)
                0x0000ae64                __exidx_end = .

.rel.dyn        0x0000ae64        0x0
 .rel.iplt      0x0000ae64        0x0 c:/nxp/mcuxpressoide_10.1.1_606/ide/tools/bin/../lib/gcc/arm-none-eabi/6.3.1/thumb/v6-m/crtbegin.o

.ctors          0x0000ae64        0x0
                0x0000ae64                __CTOR_LIST__ = .
 *crtbegin.o(.ctors)
 *crtbegin?.o(.ctors)
 *(EXCLUDE_FILE(*crtend.o *crtend?.o) .ctors)
 *(SORT(.ctors.*))
 *(.ctors)
                0x0000ae64                __CTOR_END__ = .

.dtors          0x0000ae64        0x0
                0x0000ae64                __DTOR_LIST__ = .
 *crtbegin.o(.dtors)
 *crtbegin?.o(.dtors)
 *(EXCLUDE_FILE(*crtend.o *crtend?.o) .dtors)
 *(SORT(.dtors.*))
 *(.dtors)
                0x0000ae64                __DTOR_END__ = .

.preinit_array  0x0000ae64        0x0
                0x0000ae64                PROVIDE (__preinit_array_start, .)
 *(.preinit_array*)
                0x0000ae64                PROVIDE (__preinit_array_end, .)

.init_array     0x0000ae64        0x8
                0x0000ae64                PROVIDE (__init_array_start, .)
 *(SORT(.init_array.*))
 .init_array.00000
                0x0000ae64        0x4 c:/nxp/mcuxpressoide_10.1.1_606/ide/tools/bin/../lib/gcc/arm-none-eabi/6.3.1/../../../../arm-none-eabi/lib/thumb/v6-m\libc.a(lib_a-__call_atexit.o)
 *(.init_array*)
 .init_array    0x0000ae68        0x4 c:/nxp/mcuxpressoide_10.1.1_606/ide/tools/bin/../lib/gcc/arm-none-eabi/6.3.1/thumb/v6-m/crtbegin.o
                0x0000ae6c                PROVIDE (__init_array_end, .)

.fini_array     0x0000ae6c        0x4
                0x0000ae6c                PROVIDE (__fini_array_start, .)
 *(SORT(.fini_array.*))
 *(.fini_array*)
 .fini_array    0x0000ae6c        0x4 c:/nxp/mcuxpressoide_10.1.1_606/ide/tools/bin/../lib/gcc/arm-none-eabi/6.3.1/thumb/v6-m/crtbegin.o
                0x0000ae70                PROVIDE (__fini_array_end, .)
                0x0000ae70                __etext = .
                0x0000ae70                __DATA_ROM = .

.mtb            0x1ffff000        0x0
                0x1ffff000                . = ALIGN (0x8)
                0x1ffff000                _mtb_start = .
 *(.mtb_buf)
                0x1ffff000                . = ALIGN (0x8)
                0x1ffff000                _mtb_end = .

.data           0x1ffff000      0x9bc load address 0x0000ae70
                0x1ffff000                . = ALIGN (0x4)
                0x1ffff000                __DATA_RAM = .
                0x1ffff000                __data_start__ = .
 *(.data)
 .data          0x1ffff000        0x4 bsp\devices\MKE06Z4\drivers\fsl_clock.o
 .data          0x1ffff004        0x4 bsp\devices\MKE06Z4\system_MKE06Z4.o
                0x1ffff004                SystemCoreClock
 *(.data*)
 .data._impure_ptr
                0x1ffff008        0x4 c:/nxp/mcuxpressoide_10.1.1_606/ide/tools/bin/../lib/gcc/arm-none-eabi/6.3.1/../../../../arm-none-eabi/lib/thumb/v6-m\libc.a(lib_a-impure.o)
                0x1ffff008                _impure_ptr
 *fill*         0x1ffff00c        0x4 
 .data.impure_data
                0x1ffff010      0x428 c:/nxp/mcuxpressoide_10.1.1_606/ide/tools/bin/../lib/gcc/arm-none-eabi/6.3.1/../../../../arm-none-eabi/lib/thumb/v6-m\libc.a(lib_a-impure.o)
 .data.__atexit_recursive_mutex
                0x1ffff438        0x4 c:/nxp/mcuxpressoide_10.1.1_606/ide/tools/bin/../lib/gcc/arm-none-eabi/6.3.1/../../../../arm-none-eabi/lib/thumb/v6-m\libc.a(lib_a-__call_atexit.o)
                0x1ffff438                __atexit_recursive_mutex
 .data.__global_locale
                0x1ffff43c      0x16c c:/nxp/mcuxpressoide_10.1.1_606/ide/tools/bin/../lib/gcc/arm-none-eabi/6.3.1/../../../../arm-none-eabi/lib/thumb/v6-m\libc.a(lib_a-locale.o)
                0x1ffff43c                __global_locale
 .data.__malloc_av_
                0x1ffff5a8      0x408 c:/nxp/mcuxpressoide_10.1.1_606/ide/tools/bin/../lib/gcc/arm-none-eabi/6.3.1/../../../../arm-none-eabi/lib/thumb/v6-m\libc.a(lib_a-mallocr.o)
                0x1ffff5a8                __malloc_av_
 .data.__malloc_sbrk_base
                0x1ffff9b0        0x4 c:/nxp/mcuxpressoide_10.1.1_606/ide/tools/bin/../lib/gcc/arm-none-eabi/6.3.1/../../../../arm-none-eabi/lib/thumb/v6-m\libc.a(lib_a-mallocr.o)
                0x1ffff9b0                __malloc_sbrk_base
 .data.__malloc_trim_threshold
                0x1ffff9b4        0x4 c:/nxp/mcuxpressoide_10.1.1_606/ide/tools/bin/../lib/gcc/arm-none-eabi/6.3.1/../../../../arm-none-eabi/lib/thumb/v6-m\libc.a(lib_a-mallocr.o)
                0x1ffff9b4                __malloc_trim_threshold
 *(.jcr*)
 .jcr           0x1ffff9b8        0x0 c:/nxp/mcuxpressoide_10.1.1_606/ide/tools/bin/../lib/gcc/arm-none-eabi/6.3.1/thumb/v6-m/crtbegin.o
 .jcr           0x1ffff9b8        0x4 c:/nxp/mcuxpressoide_10.1.1_606/ide/tools/bin/../lib/gcc/arm-none-eabi/6.3.1/thumb/v6-m/crtend.o
                0x1ffff9bc                . = ALIGN (0x4)
                0x1ffff9bc                __data_end__ = .
                0x0000b82c                __DATA_END = (__DATA_ROM + (__data_end__ - __data_start__))
                0x00020000                text_end = (ORIGIN (m_text) + LENGTH (m_text))
                0x00000001                ASSERT ((__DATA_END <= text_end), region m_text overflowed with text and data)

.igot.plt       0x1ffff9bc        0x0 load address 0x0000b82c
 .igot.plt      0x1ffff9bc        0x0 c:/nxp/mcuxpressoide_10.1.1_606/ide/tools/bin/../lib/gcc/arm-none-eabi/6.3.1/thumb/v6-m/crtbegin.o

.bss            0x1ffff9bc       0xc8 load address 0x0000b82c
                0x1ffff9bc                . = ALIGN (0x4)
                0x1ffff9bc                __START_BSS = .
                0x1ffff9bc                __bss_start__ = .
 *(.bss)
 .bss           0x1ffff9bc       0x1c c:/nxp/mcuxpressoide_10.1.1_606/ide/tools/bin/../lib/gcc/arm-none-eabi/6.3.1/thumb/v6-m/crtbegin.o
 .bss           0x1ffff9d8       0x10 bsp\devices\MKE06Z4\drivers\fsl_i2c.o
 .bss           0x1ffff9e8        0x8 bsp\devices\MKE06Z4\drivers\fsl_mscan.o
 .bss           0x1ffff9f0        0xc bsp\devices\MKE06Z4\drivers\fsl_rtc.o
 .bss           0x1ffff9fc       0x12 bsp\devices\MKE06Z4\drivers\fsl_spi.o
                0x1ffffa0c                s_dummyData
 *fill*         0x1ffffa0e        0x2 
 .bss           0x1ffffa10       0x10 bsp\devices\MKE06Z4\drivers\fsl_uart.o
 *(.bss*)
 .bss.__malloc_current_mallinfo
                0x1ffffa20       0x28 c:/nxp/mcuxpressoide_10.1.1_606/ide/tools/bin/../lib/gcc/arm-none-eabi/6.3.1/../../../../arm-none-eabi/lib/thumb/v6-m\libc.a(lib_a-mallocr.o)
                0x1ffffa20                __malloc_current_mallinfo
 .bss.__malloc_max_sbrked_mem
                0x1ffffa48        0x4 c:/nxp/mcuxpressoide_10.1.1_606/ide/tools/bin/../lib/gcc/arm-none-eabi/6.3.1/../../../../arm-none-eabi/lib/thumb/v6-m\libc.a(lib_a-mallocr.o)
                0x1ffffa48                __malloc_max_sbrked_mem
 .bss.__malloc_max_total_mem
                0x1ffffa4c        0x4 c:/nxp/mcuxpressoide_10.1.1_606/ide/tools/bin/../lib/gcc/arm-none-eabi/6.3.1/../../../../arm-none-eabi/lib/thumb/v6-m\libc.a(lib_a-mallocr.o)
                0x1ffffa4c                __malloc_max_total_mem
 .bss.__malloc_top_pad
                0x1ffffa50        0x4 c:/nxp/mcuxpressoide_10.1.1_606/ide/tools/bin/../lib/gcc/arm-none-eabi/6.3.1/../../../../arm-none-eabi/lib/thumb/v6-m\libc.a(lib_a-mallocr.o)
                0x1ffffa50                __malloc_top_pad
 .bss.__end_of_heap
                0x1ffffa54        0x4 c:/nxp/mcuxpressoide_10.1.1_606/ide/tools/bin/../lib/gcc/arm-none-eabi/6.3.1/../../../../arm-none-eabi/lib/thumb/v6-m\libcr_newlib_nohost.a(_cr_sbrk.o)
                0x1ffffa54                __end_of_heap
 *(COMMON)
 COMMON         0x1ffffa58        0x4 bsp\devices\MKE06Z4\drivers\fsl_clock.o
                0x1ffffa58                g_xtal0Freq
 COMMON         0x1ffffa5c       0x21 c:/nxp/mcuxpressoide_10.1.1_606/ide/tools/bin/../lib/gcc/arm-none-eabi/6.3.1/../../../../arm-none-eabi/lib/thumb/v6-m\libc.a(lib_a-lock.o)
                0x1ffffa5c                __lock___atexit_recursive_mutex
                0x1ffffa60                __lock___arc4random_mutex
                0x1ffffa64                __lock___env_recursive_mutex
                0x1ffffa68                __lock___sinit_recursive_mutex
                0x1ffffa6c                __lock___malloc_recursive_mutex
                0x1ffffa70                __lock___at_quick_exit_mutex
                0x1ffffa74                __lock___dd_hash_mutex
                0x1ffffa78                __lock___tz_mutex
                0x1ffffa7c                __lock___sfp_recursive_mutex
 *fill*         0x1ffffa7d        0x3 
 COMMON         0x1ffffa80        0x4 c:/nxp/mcuxpressoide_10.1.1_606/ide/tools/bin/../lib/gcc/arm-none-eabi/6.3.1/../../../../arm-none-eabi/lib/thumb/v6-m\libc.a(lib_a-reent.o)
                0x1ffffa80                errno
                0x1ffffa84                . = ALIGN (0x4)
                0x1ffffa84                __bss_end__ = .
                0x1ffffa84                __END_BSS = .

.heap           0x1ffffa84      0x404 load address 0x0000b8f4
                0x1ffffa88                . = ALIGN (0x8)
 *fill*         0x1ffffa84        0x4 
                0x1ffffa88                __end__ = .
                [!provide]                PROVIDE (end, .)
                0x1ffffa88                __HeapBase = .
                0x1ffffe88                . = (. + HEAP_SIZE)
 *fill*         0x1ffffa88      0x400 
                0x1ffffe88                __HeapLimit = .
                0x1ffffe88                __heap_limit = .
                0x20003000                __HeapTop = (ORIGIN (m_data) + LENGTH (m_data))
                0x20002c00                __HeapLimit = (_pvHeapStart - HEAP_SIZE)
                0x20003000                PROVIDE (_pvHeapStart, __HeapTop)

.stack          0x1ffffe88      0x400 load address 0x0000bcf8
                0x1ffffe88                . = ALIGN (0x8)
                0x20000288                . = (. + STACK_SIZE)
 *fill*         0x1ffffe88      0x400 
                0x20003000                __StackTop = (ORIGIN (m_data) + LENGTH (m_data))
                0x20002c00                __StackLimit = (__StackTop - STACK_SIZE)
                0x20003000                PROVIDE (__stack, __StackTop)

.ARM.attributes
                0x00000000       0x28
 *(.ARM.attributes)
 .ARM.attributes
                0x00000000       0x1e c:/nxp/mcuxpressoide_10.1.1_606/ide/tools/bin/../lib/gcc/arm-none-eabi/6.3.1/thumb/v6-m/crti.o
 .ARM.attributes
                0x0000001e       0x2c c:/nxp/mcuxpressoide_10.1.1_606/ide/tools/bin/../lib/gcc/arm-none-eabi/6.3.1/thumb/v6-m/crtbegin.o
 .ARM.attributes
                0x0000004a       0x1b c:/nxp/mcuxpressoide_10.1.1_606/ide/tools/bin/../lib/gcc/arm-none-eabi/6.3.1/../../../../arm-none-eabi/lib/thumb/v6-m/crt0.o
 .ARM.attributes
                0x00000065       0x31 application\application.o
 .ARM.attributes
                0x00000096       0x31 bsp\clock_config.o
 .ARM.attributes
                0x000000c7       0x31 bsp\devices\MKE06Z4\drivers\fsl_clock.o
 .ARM.attributes
                0x000000f8       0x31 bsp\devices\MKE06Z4\drivers\fsl_i2c.o
 .ARM.attributes
                0x00000129       0x31 bsp\devices\MKE06Z4\drivers\fsl_mscan.o
 .ARM.attributes
                0x0000015a       0x31 bsp\devices\MKE06Z4\drivers\fsl_port.o
 .ARM.attributes
                0x0000018b       0x31 bsp\devices\MKE06Z4\drivers\fsl_rtc.o
 .ARM.attributes
                0x000001bc       0x31 bsp\devices\MKE06Z4\drivers\fsl_spi.o
 .ARM.attributes
                0x000001ed       0x31 bsp\devices\MKE06Z4\drivers\fsl_uart.o
 .ARM.attributes
                0x0000021e       0x31 bsp\devices\MKE06Z4\system_MKE06Z4.o
 .ARM.attributes
                0x0000024f       0x31 bsp\peripherals.o
 .ARM.attributes
                0x00000280       0x31 bsp\pin_mux.o
 .ARM.attributes
                0x000002b1       0x1b bsp\startup_MKE06Z4.o
 .ARM.attributes
                0x000002cc       0x1e c:/nxp/mcuxpressoide_10.1.1_606/ide/tools/bin/../lib/gcc/arm-none-eabi/6.3.1/thumb/v6-m\libgcc.a(_udivsi3.o)
 .ARM.attributes
                0x000002ea       0x1e c:/nxp/mcuxpressoide_10.1.1_606/ide/tools/bin/../lib/gcc/arm-none-eabi/6.3.1/thumb/v6-m\libgcc.a(_divsi3.o)
 .ARM.attributes
                0x00000308       0x1e c:/nxp/mcuxpressoide_10.1.1_606/ide/tools/bin/../lib/gcc/arm-none-eabi/6.3.1/thumb/v6-m\libgcc.a(_dvmd_tls.o)
 .ARM.attributes
                0x00000326       0x1e c:/nxp/mcuxpressoide_10.1.1_606/ide/tools/bin/../lib/gcc/arm-none-eabi/6.3.1/thumb/v6-m\libgcc.a(_aeabi_uldivmod.o)
 .ARM.attributes
                0x00000344       0x2c c:/nxp/mcuxpressoide_10.1.1_606/ide/tools/bin/../lib/gcc/arm-none-eabi/6.3.1/thumb/v6-m\libgcc.a(_muldi3.o)
 .ARM.attributes
                0x00000370       0x2c c:/nxp/mcuxpressoide_10.1.1_606/ide/tools/bin/../lib/gcc/arm-none-eabi/6.3.1/thumb/v6-m\libgcc.a(_udivmoddi4.o)
 .ARM.attributes
                0x0000039c       0x1e c:/nxp/mcuxpressoide_10.1.1_606/ide/tools/bin/../lib/gcc/arm-none-eabi/6.3.1/thumb/v6-m\libgcc.a(_clzdi2.o)
 .ARM.attributes
                0x000003ba       0x1e c:/nxp/mcuxpressoide_10.1.1_606/ide/tools/bin/../lib/gcc/arm-none-eabi/6.3.1/thumb/v6-m\libgcc.a(_clzsi2.o)
 .ARM.attributes
                0x000003d8       0x2c c:/nxp/mcuxpressoide_10.1.1_606/ide/tools/bin/../lib/gcc/arm-none-eabi/6.3.1/../../../../arm-none-eabi/lib/thumb/v6-m\libc.a(lib_a-assert.o)
 .ARM.attributes
                0x00000404       0x2c c:/nxp/mcuxpressoide_10.1.1_606/ide/tools/bin/../lib/gcc/arm-none-eabi/6.3.1/../../../../arm-none-eabi/lib/thumb/v6-m\libc.a(lib_a-exit.o)
 .ARM.attributes
                0x00000430       0x2c c:/nxp/mcuxpressoide_10.1.1_606/ide/tools/bin/../lib/gcc/arm-none-eabi/6.3.1/../../../../arm-none-eabi/lib/thumb/v6-m\libc.a(lib_a-fiprintf.o)
 .ARM.attributes
                0x0000045c       0x2c c:/nxp/mcuxpressoide_10.1.1_606/ide/tools/bin/../lib/gcc/arm-none-eabi/6.3.1/../../../../arm-none-eabi/lib/thumb/v6-m\libc.a(lib_a-impure.o)
 .ARM.attributes
                0x00000488       0x2c c:/nxp/mcuxpressoide_10.1.1_606/ide/tools/bin/../lib/gcc/arm-none-eabi/6.3.1/../../../../arm-none-eabi/lib/thumb/v6-m\libc.a(lib_a-init.o)
 .ARM.attributes
                0x000004b4       0x2c c:/nxp/mcuxpressoide_10.1.1_606/ide/tools/bin/../lib/gcc/arm-none-eabi/6.3.1/../../../../arm-none-eabi/lib/thumb/v6-m\libc.a(lib_a-memcpy-stub.o)
 .ARM.attributes
                0x000004e0       0x2c c:/nxp/mcuxpressoide_10.1.1_606/ide/tools/bin/../lib/gcc/arm-none-eabi/6.3.1/../../../../arm-none-eabi/lib/thumb/v6-m\libc.a(lib_a-memset.o)
 .ARM.attributes
                0x0000050c       0x2c c:/nxp/mcuxpressoide_10.1.1_606/ide/tools/bin/../lib/gcc/arm-none-eabi/6.3.1/../../../../arm-none-eabi/lib/thumb/v6-m\libc.a(lib_a-strlen-stub.o)
 .ARM.attributes
                0x00000538       0x2c c:/nxp/mcuxpressoide_10.1.1_606/ide/tools/bin/../lib/gcc/arm-none-eabi/6.3.1/../../../../arm-none-eabi/lib/thumb/v6-m\libc.a(lib_a-vfiprintf.o)
 .ARM.attributes
                0x00000564       0x2c c:/nxp/mcuxpressoide_10.1.1_606/ide/tools/bin/../lib/gcc/arm-none-eabi/6.3.1/../../../../arm-none-eabi/lib/thumb/v6-m\libc.a(lib_a-wsetup.o)
 .ARM.attributes
                0x00000590       0x2c c:/nxp/mcuxpressoide_10.1.1_606/ide/tools/bin/../lib/gcc/arm-none-eabi/6.3.1/../../../../arm-none-eabi/lib/thumb/v6-m\libc.a(lib_a-__call_atexit.o)
 .ARM.attributes
                0x000005bc       0x2c c:/nxp/mcuxpressoide_10.1.1_606/ide/tools/bin/../lib/gcc/arm-none-eabi/6.3.1/../../../../arm-none-eabi/lib/thumb/v6-m\libc.a(lib_a-abort.o)
 .ARM.attributes
                0x000005e8       0x2c c:/nxp/mcuxpressoide_10.1.1_606/ide/tools/bin/../lib/gcc/arm-none-eabi/6.3.1/../../../../arm-none-eabi/lib/thumb/v6-m\libc.a(lib_a-atexit.o)
 .ARM.attributes
                0x00000614       0x2c c:/nxp/mcuxpressoide_10.1.1_606/ide/tools/bin/../lib/gcc/arm-none-eabi/6.3.1/../../../../arm-none-eabi/lib/thumb/v6-m\libc.a(lib_a-fflush.o)
 .ARM.attributes
                0x00000640       0x2c c:/nxp/mcuxpressoide_10.1.1_606/ide/tools/bin/../lib/gcc/arm-none-eabi/6.3.1/../../../../arm-none-eabi/lib/thumb/v6-m\libc.a(lib_a-findfp.o)
 .ARM.attributes
                0x0000066c       0x2c c:/nxp/mcuxpressoide_10.1.1_606/ide/tools/bin/../lib/gcc/arm-none-eabi/6.3.1/../../../../arm-none-eabi/lib/thumb/v6-m\libc.a(lib_a-fini.o)
 .ARM.attributes
                0x00000698       0x2c c:/nxp/mcuxpressoide_10.1.1_606/ide/tools/bin/../lib/gcc/arm-none-eabi/6.3.1/../../../../arm-none-eabi/lib/thumb/v6-m\libc.a(lib_a-fputwc.o)
 .ARM.attributes
                0x000006c4       0x2c c:/nxp/mcuxpressoide_10.1.1_606/ide/tools/bin/../lib/gcc/arm-none-eabi/6.3.1/../../../../arm-none-eabi/lib/thumb/v6-m\libc.a(lib_a-freer.o)
 .ARM.attributes
                0x000006f0       0x2c c:/nxp/mcuxpressoide_10.1.1_606/ide/tools/bin/../lib/gcc/arm-none-eabi/6.3.1/../../../../arm-none-eabi/lib/thumb/v6-m\libc.a(lib_a-fvwrite.o)
 .ARM.attributes
                0x0000071c       0x2c c:/nxp/mcuxpressoide_10.1.1_606/ide/tools/bin/../lib/gcc/arm-none-eabi/6.3.1/../../../../arm-none-eabi/lib/thumb/v6-m\libc.a(lib_a-fwalk.o)
 .ARM.attributes
                0x00000748       0x2c c:/nxp/mcuxpressoide_10.1.1_606/ide/tools/bin/../lib/gcc/arm-none-eabi/6.3.1/../../../../arm-none-eabi/lib/thumb/v6-m\libc.a(lib_a-locale.o)
 .ARM.attributes
                0x00000774       0x2c c:/nxp/mcuxpressoide_10.1.1_606/ide/tools/bin/../lib/gcc/arm-none-eabi/6.3.1/../../../../arm-none-eabi/lib/thumb/v6-m\libc.a(lib_a-lock.o)
 .ARM.attributes
                0x000007a0       0x2c c:/nxp/mcuxpressoide_10.1.1_606/ide/tools/bin/../lib/gcc/arm-none-eabi/6.3.1/../../../../arm-none-eabi/lib/thumb/v6-m\libc.a(lib_a-makebuf.o)
 .ARM.attributes
                0x000007cc       0x2c c:/nxp/mcuxpressoide_10.1.1_606/ide/tools/bin/../lib/gcc/arm-none-eabi/6.3.1/../../../../arm-none-eabi/lib/thumb/v6-m\libc.a(lib_a-mallocr.o)
 .ARM.attributes
                0x000007f8       0x2c c:/nxp/mcuxpressoide_10.1.1_606/ide/tools/bin/../lib/gcc/arm-none-eabi/6.3.1/../../../../arm-none-eabi/lib/thumb/v6-m\libc.a(lib_a-mbtowc_r.o)
 .ARM.attributes
                0x00000824       0x2c c:/nxp/mcuxpressoide_10.1.1_606/ide/tools/bin/../lib/gcc/arm-none-eabi/6.3.1/../../../../arm-none-eabi/lib/thumb/v6-m\libc.a(lib_a-memchr-stub.o)
 .ARM.attributes
                0x00000850       0x2c c:/nxp/mcuxpressoide_10.1.1_606/ide/tools/bin/../lib/gcc/arm-none-eabi/6.3.1/../../../../arm-none-eabi/lib/thumb/v6-m\libc.a(lib_a-memmove.o)
 .ARM.attributes
                0x0000087c       0x2c c:/nxp/mcuxpressoide_10.1.1_606/ide/tools/bin/../lib/gcc/arm-none-eabi/6.3.1/../../../../arm-none-eabi/lib/thumb/v6-m\libc.a(lib_a-mlock.o)
 .ARM.attributes
                0x000008a8       0x2c c:/nxp/mcuxpressoide_10.1.1_606/ide/tools/bin/../lib/gcc/arm-none-eabi/6.3.1/../../../../arm-none-eabi/lib/thumb/v6-m\libc.a(lib_a-reallocr.o)
 .ARM.attributes
                0x000008d4       0x2c c:/nxp/mcuxpressoide_10.1.1_606/ide/tools/bin/../lib/gcc/arm-none-eabi/6.3.1/../../../../arm-none-eabi/lib/thumb/v6-m\libc.a(lib_a-sbrkr.o)
 .ARM.attributes
                0x00000900       0x2c c:/nxp/mcuxpressoide_10.1.1_606/ide/tools/bin/../lib/gcc/arm-none-eabi/6.3.1/../../../../arm-none-eabi/lib/thumb/v6-m\libc.a(lib_a-signal.o)
 .ARM.attributes
                0x0000092c       0x2c c:/nxp/mcuxpressoide_10.1.1_606/ide/tools/bin/../lib/gcc/arm-none-eabi/6.3.1/../../../../arm-none-eabi/lib/thumb/v6-m\libc.a(lib_a-signalr.o)
 .ARM.attributes
                0x00000958       0x2c c:/nxp/mcuxpressoide_10.1.1_606/ide/tools/bin/../lib/gcc/arm-none-eabi/6.3.1/../../../../arm-none-eabi/lib/thumb/v6-m\libc.a(lib_a-stdio.o)
 .ARM.attributes
                0x00000984       0x2c c:/nxp/mcuxpressoide_10.1.1_606/ide/tools/bin/../lib/gcc/arm-none-eabi/6.3.1/../../../../arm-none-eabi/lib/thumb/v6-m\libc.a(lib_a-wbuf.o)
 .ARM.attributes
                0x000009b0       0x2c c:/nxp/mcuxpressoide_10.1.1_606/ide/tools/bin/../lib/gcc/arm-none-eabi/6.3.1/../../../../arm-none-eabi/lib/thumb/v6-m\libc.a(lib_a-wcrtomb.o)
 .ARM.attributes
                0x000009dc       0x2c c:/nxp/mcuxpressoide_10.1.1_606/ide/tools/bin/../lib/gcc/arm-none-eabi/6.3.1/../../../../arm-none-eabi/lib/thumb/v6-m\libc.a(lib_a-wctomb_r.o)
 .ARM.attributes
                0x00000a08       0x2c c:/nxp/mcuxpressoide_10.1.1_606/ide/tools/bin/../lib/gcc/arm-none-eabi/6.3.1/../../../../arm-none-eabi/lib/thumb/v6-m\libc.a(lib_a-writer.o)
 .ARM.attributes
                0x00000a34       0x2c c:/nxp/mcuxpressoide_10.1.1_606/ide/tools/bin/../lib/gcc/arm-none-eabi/6.3.1/../../../../arm-none-eabi/lib/thumb/v6-m\libc.a(lib_a-__atexit.o)
 .ARM.attributes
                0x00000a60       0x2c c:/nxp/mcuxpressoide_10.1.1_606/ide/tools/bin/../lib/gcc/arm-none-eabi/6.3.1/../../../../arm-none-eabi/lib/thumb/v6-m\libc.a(lib_a-closer.o)
 .ARM.attributes
                0x00000a8c       0x2c c:/nxp/mcuxpressoide_10.1.1_606/ide/tools/bin/../lib/gcc/arm-none-eabi/6.3.1/../../../../arm-none-eabi/lib/thumb/v6-m\libc.a(lib_a-ctype_.o)
 .ARM.attributes
                0x00000ab8       0x2c c:/nxp/mcuxpressoide_10.1.1_606/ide/tools/bin/../lib/gcc/arm-none-eabi/6.3.1/../../../../arm-none-eabi/lib/thumb/v6-m\libc.a(lib_a-fclose.o)
 .ARM.attributes
                0x00000ae4       0x2c c:/nxp/mcuxpressoide_10.1.1_606/ide/tools/bin/../lib/gcc/arm-none-eabi/6.3.1/../../../../arm-none-eabi/lib/thumb/v6-m\libc.a(lib_a-fstatr.o)
 .ARM.attributes
                0x00000b10       0x2c c:/nxp/mcuxpressoide_10.1.1_606/ide/tools/bin/../lib/gcc/arm-none-eabi/6.3.1/../../../../arm-none-eabi/lib/thumb/v6-m\libc.a(lib_a-isattyr.o)
 .ARM.attributes
                0x00000b3c       0x2c c:/nxp/mcuxpressoide_10.1.1_606/ide/tools/bin/../lib/gcc/arm-none-eabi/6.3.1/../../../../arm-none-eabi/lib/thumb/v6-m\libc.a(lib_a-lseekr.o)
 .ARM.attributes
                0x00000b68       0x2c c:/nxp/mcuxpressoide_10.1.1_606/ide/tools/bin/../lib/gcc/arm-none-eabi/6.3.1/../../../../arm-none-eabi/lib/thumb/v6-m\libc.a(lib_a-readr.o)
 .ARM.attributes
                0x00000b94       0x2c c:/nxp/mcuxpressoide_10.1.1_606/ide/tools/bin/../lib/gcc/arm-none-eabi/6.3.1/../../../../arm-none-eabi/lib/thumb/v6-m\libc.a(lib_a-reent.o)
 .ARM.attributes
                0x00000bc0       0x2c c:/nxp/mcuxpressoide_10.1.1_606/ide/tools/bin/../lib/gcc/arm-none-eabi/6.3.1/thumb/v6-m/crtend.o
 .ARM.attributes
                0x00000bec       0x1e c:/nxp/mcuxpressoide_10.1.1_606/ide/tools/bin/../lib/gcc/arm-none-eabi/6.3.1/thumb/v6-m/crtn.o
 .ARM.attributes
                0x00000c0a       0x31 c:/nxp/mcuxpressoide_10.1.1_606/ide/tools/bin/../lib/gcc/arm-none-eabi/6.3.1/../../../../arm-none-eabi/lib/thumb/v6-m\libcr_newlib_nohost.a(_cr_sbrk.o)
 .ARM.attributes
                0x00000c3b       0x31 c:/nxp/mcuxpressoide_10.1.1_606/ide/tools/bin/../lib/gcc/arm-none-eabi/6.3.1/../../../../arm-none-eabi/lib/thumb/v6-m\libcr_newlib_nohost.a(_exit.o)
 .ARM.attributes
                0x00000c6c       0x31 c:/nxp/mcuxpressoide_10.1.1_606/ide/tools/bin/../lib/gcc/arm-none-eabi/6.3.1/../../../../arm-none-eabi/lib/thumb/v6-m\libcr_newlib_nohost.a(close.o)
 .ARM.attributes
                0x00000c9d       0x31 c:/nxp/mcuxpressoide_10.1.1_606/ide/tools/bin/../lib/gcc/arm-none-eabi/6.3.1/../../../../arm-none-eabi/lib/thumb/v6-m\libcr_newlib_nohost.a(fstat.o)
 .ARM.attributes
                0x00000cce       0x31 c:/nxp/mcuxpressoide_10.1.1_606/ide/tools/bin/../lib/gcc/arm-none-eabi/6.3.1/../../../../arm-none-eabi/lib/thumb/v6-m\libcr_newlib_nohost.a(getpid.o)
 .ARM.attributes
                0x00000cff       0x31 c:/nxp/mcuxpressoide_10.1.1_606/ide/tools/bin/../lib/gcc/arm-none-eabi/6.3.1/../../../../arm-none-eabi/lib/thumb/v6-m\libcr_newlib_nohost.a(isatty.o)
 .ARM.attributes
                0x00000d30       0x31 c:/nxp/mcuxpressoide_10.1.1_606/ide/tools/bin/../lib/gcc/arm-none-eabi/6.3.1/../../../../arm-none-eabi/lib/thumb/v6-m\libcr_newlib_nohost.a(kill.o)
 .ARM.attributes
                0x00000d61       0x31 c:/nxp/mcuxpressoide_10.1.1_606/ide/tools/bin/../lib/gcc/arm-none-eabi/6.3.1/../../../../arm-none-eabi/lib/thumb/v6-m\libcr_newlib_nohost.a(lseek.o)
 .ARM.attributes
                0x00000d92       0x31 c:/nxp/mcuxpressoide_10.1.1_606/ide/tools/bin/../lib/gcc/arm-none-eabi/6.3.1/../../../../arm-none-eabi/lib/thumb/v6-m\libcr_newlib_nohost.a(read.o)
 .ARM.attributes
                0x00000dc3       0x31 c:/nxp/mcuxpressoide_10.1.1_606/ide/tools/bin/../lib/gcc/arm-none-eabi/6.3.1/../../../../arm-none-eabi/lib/thumb/v6-m\libcr_newlib_nohost.a(write.o)
 .ARM.attributes
                0x00000df4       0x31 c:/nxp/mcuxpressoide_10.1.1_606/ide/tools/bin/../lib/gcc/arm-none-eabi/6.3.1/../../../../arm-none-eabi/lib/thumb/v6-m\libcr_newlib_nohost.a(_cr_check_heap.o)
 .ARM.attributes
                0x00000e25       0x2c c:/nxp/mcuxpressoide_10.1.1_606/ide/tools/bin/../lib/gcc/arm-none-eabi/6.3.1/../../../../arm-none-eabi/lib/thumb/v6-m\libc_nano.a(lib_a-errno.o)
                0x00000001                ASSERT ((__StackLimit >= __HeapLimit), region m_data overflowed with stack and heap)
OUTPUT(d64.elf elf32-littlearm)

.debug_info     0x00000000    0x1343c
 .debug_info    0x00000000      0xa48 application\application.o
 .debug_info    0x00000a48      0xddb bsp\clock_config.o
 .debug_info    0x00001823     0x13d8 bsp\devices\MKE06Z4\drivers\fsl_clock.o
 .debug_info    0x00002bfb     0x235b bsp\devices\MKE06Z4\drivers\fsl_i2c.o
 .debug_info    0x00004f56     0x23fe bsp\devices\MKE06Z4\drivers\fsl_mscan.o
 .debug_info    0x00007354      0xf01 bsp\devices\MKE06Z4\drivers\fsl_port.o
 .debug_info    0x00008255     0x130c bsp\devices\MKE06Z4\drivers\fsl_rtc.o
 .debug_info    0x00009561     0x1d5e bsp\devices\MKE06Z4\drivers\fsl_spi.o
 .debug_info    0x0000b2bf     0x1db3 bsp\devices\MKE06Z4\drivers\fsl_uart.o
 .debug_info    0x0000d072      0x2af bsp\devices\MKE06Z4\system_MKE06Z4.o
 .debug_info    0x0000d321       0x37 bsp\peripherals.o
 .debug_info    0x0000d358      0xc08 bsp\pin_mux.o
 .debug_info    0x0000df60       0x5b bsp\startup_MKE06Z4.o
 .debug_info    0x0000dfbb      0x968 c:/nxp/mcuxpressoide_10.1.1_606/ide/tools/bin/../lib/gcc/arm-none-eabi/6.3.1/../../../../arm-none-eabi/lib/thumb/v6-m\libcr_newlib_nohost.a(_cr_sbrk.o)
 .debug_info    0x0000e923       0x9a c:/nxp/mcuxpressoide_10.1.1_606/ide/tools/bin/../lib/gcc/arm-none-eabi/6.3.1/../../../../arm-none-eabi/lib/thumb/v6-m\libcr_newlib_nohost.a(_exit.o)
 .debug_info    0x0000e9bd      0x8f7 c:/nxp/mcuxpressoide_10.1.1_606/ide/tools/bin/../lib/gcc/arm-none-eabi/6.3.1/../../../../arm-none-eabi/lib/thumb/v6-m\libcr_newlib_nohost.a(close.o)
 .debug_info    0x0000f2b4      0xb03 c:/nxp/mcuxpressoide_10.1.1_606/ide/tools/bin/../lib/gcc/arm-none-eabi/6.3.1/../../../../arm-none-eabi/lib/thumb/v6-m\libcr_newlib_nohost.a(fstat.o)
 .debug_info    0x0000fdb7      0x8e7 c:/nxp/mcuxpressoide_10.1.1_606/ide/tools/bin/../lib/gcc/arm-none-eabi/6.3.1/../../../../arm-none-eabi/lib/thumb/v6-m\libcr_newlib_nohost.a(getpid.o)
 .debug_info    0x0001069e      0x8f7 c:/nxp/mcuxpressoide_10.1.1_606/ide/tools/bin/../lib/gcc/arm-none-eabi/6.3.1/../../../../arm-none-eabi/lib/thumb/v6-m\libcr_newlib_nohost.a(isatty.o)
 .debug_info    0x00010f95      0x904 c:/nxp/mcuxpressoide_10.1.1_606/ide/tools/bin/../lib/gcc/arm-none-eabi/6.3.1/../../../../arm-none-eabi/lib/thumb/v6-m\libcr_newlib_nohost.a(kill.o)
 .debug_info    0x00011899      0x913 c:/nxp/mcuxpressoide_10.1.1_606/ide/tools/bin/../lib/gcc/arm-none-eabi/6.3.1/../../../../arm-none-eabi/lib/thumb/v6-m\libcr_newlib_nohost.a(lseek.o)
 .debug_info    0x000121ac      0x913 c:/nxp/mcuxpressoide_10.1.1_606/ide/tools/bin/../lib/gcc/arm-none-eabi/6.3.1/../../../../arm-none-eabi/lib/thumb/v6-m\libcr_newlib_nohost.a(read.o)
 .debug_info    0x00012abf      0x913 c:/nxp/mcuxpressoide_10.1.1_606/ide/tools/bin/../lib/gcc/arm-none-eabi/6.3.1/../../../../arm-none-eabi/lib/thumb/v6-m\libcr_newlib_nohost.a(write.o)
 .debug_info    0x000133d2       0x6a c:/nxp/mcuxpressoide_10.1.1_606/ide/tools/bin/../lib/gcc/arm-none-eabi/6.3.1/../../../../arm-none-eabi/lib/thumb/v6-m\libcr_newlib_nohost.a(_cr_check_heap.o)

.debug_abbrev   0x00000000     0x2f63
 .debug_abbrev  0x00000000      0x1c3 application\application.o
 .debug_abbrev  0x000001c3      0x232 bsp\clock_config.o
 .debug_abbrev  0x000003f5      0x383 bsp\devices\MKE06Z4\drivers\fsl_clock.o
 .debug_abbrev  0x00000778      0x3ba bsp\devices\MKE06Z4\drivers\fsl_i2c.o
 .debug_abbrev  0x00000b32      0x37e bsp\devices\MKE06Z4\drivers\fsl_mscan.o
 .debug_abbrev  0x00000eb0      0x218 bsp\devices\MKE06Z4\drivers\fsl_port.o
 .debug_abbrev  0x000010c8      0x334 bsp\devices\MKE06Z4\drivers\fsl_rtc.o
 .debug_abbrev  0x000013fc      0x3a2 bsp\devices\MKE06Z4\drivers\fsl_spi.o
 .debug_abbrev  0x0000179e      0x377 bsp\devices\MKE06Z4\drivers\fsl_uart.o
 .debug_abbrev  0x00001b15      0x105 bsp\devices\MKE06Z4\system_MKE06Z4.o
 .debug_abbrev  0x00001c1a       0x2c bsp\peripherals.o
 .debug_abbrev  0x00001c46      0x1e2 bsp\pin_mux.o
 .debug_abbrev  0x00001e28       0x14 bsp\startup_MKE06Z4.o
 .debug_abbrev  0x00001e3c      0x214 c:/nxp/mcuxpressoide_10.1.1_606/ide/tools/bin/../lib/gcc/arm-none-eabi/6.3.1/../../../../arm-none-eabi/lib/thumb/v6-m\libcr_newlib_nohost.a(_cr_sbrk.o)
 .debug_abbrev  0x00002050       0x5e c:/nxp/mcuxpressoide_10.1.1_606/ide/tools/bin/../lib/gcc/arm-none-eabi/6.3.1/../../../../arm-none-eabi/lib/thumb/v6-m\libcr_newlib_nohost.a(_exit.o)
 .debug_abbrev  0x000020ae      0x1bd c:/nxp/mcuxpressoide_10.1.1_606/ide/tools/bin/../lib/gcc/arm-none-eabi/6.3.1/../../../../arm-none-eabi/lib/thumb/v6-m\libcr_newlib_nohost.a(close.o)
 .debug_abbrev  0x0000226b      0x1ce c:/nxp/mcuxpressoide_10.1.1_606/ide/tools/bin/../lib/gcc/arm-none-eabi/6.3.1/../../../../arm-none-eabi/lib/thumb/v6-m\libcr_newlib_nohost.a(fstat.o)
 .debug_abbrev  0x00002439      0x1ae c:/nxp/mcuxpressoide_10.1.1_606/ide/tools/bin/../lib/gcc/arm-none-eabi/6.3.1/../../../../arm-none-eabi/lib/thumb/v6-m\libcr_newlib_nohost.a(getpid.o)
 .debug_abbrev  0x000025e7      0x1bd c:/nxp/mcuxpressoide_10.1.1_606/ide/tools/bin/../lib/gcc/arm-none-eabi/6.3.1/../../../../arm-none-eabi/lib/thumb/v6-m\libcr_newlib_nohost.a(isatty.o)
 .debug_abbrev  0x000027a4      0x1cc c:/nxp/mcuxpressoide_10.1.1_606/ide/tools/bin/../lib/gcc/arm-none-eabi/6.3.1/../../../../arm-none-eabi/lib/thumb/v6-m\libcr_newlib_nohost.a(kill.o)
 .debug_abbrev  0x00002970      0x1db c:/nxp/mcuxpressoide_10.1.1_606/ide/tools/bin/../lib/gcc/arm-none-eabi/6.3.1/../../../../arm-none-eabi/lib/thumb/v6-m\libcr_newlib_nohost.a(lseek.o)
 .debug_abbrev  0x00002b4b      0x1db c:/nxp/mcuxpressoide_10.1.1_606/ide/tools/bin/../lib/gcc/arm-none-eabi/6.3.1/../../../../arm-none-eabi/lib/thumb/v6-m\libcr_newlib_nohost.a(read.o)
 .debug_abbrev  0x00002d26      0x1db c:/nxp/mcuxpressoide_10.1.1_606/ide/tools/bin/../lib/gcc/arm-none-eabi/6.3.1/../../../../arm-none-eabi/lib/thumb/v6-m\libcr_newlib_nohost.a(write.o)
 .debug_abbrev  0x00002f01       0x62 c:/nxp/mcuxpressoide_10.1.1_606/ide/tools/bin/../lib/gcc/arm-none-eabi/6.3.1/../../../../arm-none-eabi/lib/thumb/v6-m\libcr_newlib_nohost.a(_cr_check_heap.o)

.debug_aranges  0x00000000      0x300
 .debug_aranges
                0x00000000       0x20 application\application.o
 .debug_aranges
                0x00000020       0x20 bsp\clock_config.o
 .debug_aranges
                0x00000040       0x20 bsp\devices\MKE06Z4\drivers\fsl_clock.o
 .debug_aranges
                0x00000060       0x20 bsp\devices\MKE06Z4\drivers\fsl_i2c.o
 .debug_aranges
                0x00000080       0x20 bsp\devices\MKE06Z4\drivers\fsl_mscan.o
 .debug_aranges
                0x000000a0       0x20 bsp\devices\MKE06Z4\drivers\fsl_port.o
 .debug_aranges
                0x000000c0       0x20 bsp\devices\MKE06Z4\drivers\fsl_rtc.o
 .debug_aranges
                0x000000e0       0x20 bsp\devices\MKE06Z4\drivers\fsl_spi.o
 .debug_aranges
                0x00000100       0x20 bsp\devices\MKE06Z4\drivers\fsl_uart.o
 .debug_aranges
                0x00000120       0x20 bsp\devices\MKE06Z4\system_MKE06Z4.o
 .debug_aranges
                0x00000140       0x20 bsp\peripherals.o
 .debug_aranges
                0x00000160       0x20 bsp\pin_mux.o
 .debug_aranges
                0x00000180       0x20 bsp\startup_MKE06Z4.o
 .debug_aranges
                0x000001a0       0x20 c:/nxp/mcuxpressoide_10.1.1_606/ide/tools/bin/../lib/gcc/arm-none-eabi/6.3.1/../../../../arm-none-eabi/lib/thumb/v6-m\libcr_newlib_nohost.a(_cr_sbrk.o)
 .debug_aranges
                0x000001c0       0x20 c:/nxp/mcuxpressoide_10.1.1_606/ide/tools/bin/../lib/gcc/arm-none-eabi/6.3.1/../../../../arm-none-eabi/lib/thumb/v6-m\libcr_newlib_nohost.a(_exit.o)
 .debug_aranges
                0x000001e0       0x20 c:/nxp/mcuxpressoide_10.1.1_606/ide/tools/bin/../lib/gcc/arm-none-eabi/6.3.1/../../../../arm-none-eabi/lib/thumb/v6-m\libcr_newlib_nohost.a(close.o)
 .debug_aranges
                0x00000200       0x20 c:/nxp/mcuxpressoide_10.1.1_606/ide/tools/bin/../lib/gcc/arm-none-eabi/6.3.1/../../../../arm-none-eabi/lib/thumb/v6-m\libcr_newlib_nohost.a(fstat.o)
 .debug_aranges
                0x00000220       0x20 c:/nxp/mcuxpressoide_10.1.1_606/ide/tools/bin/../lib/gcc/arm-none-eabi/6.3.1/../../../../arm-none-eabi/lib/thumb/v6-m\libcr_newlib_nohost.a(getpid.o)
 .debug_aranges
                0x00000240       0x20 c:/nxp/mcuxpressoide_10.1.1_606/ide/tools/bin/../lib/gcc/arm-none-eabi/6.3.1/../../../../arm-none-eabi/lib/thumb/v6-m\libcr_newlib_nohost.a(isatty.o)
 .debug_aranges
                0x00000260       0x20 c:/nxp/mcuxpressoide_10.1.1_606/ide/tools/bin/../lib/gcc/arm-none-eabi/6.3.1/../../../../arm-none-eabi/lib/thumb/v6-m\libcr_newlib_nohost.a(kill.o)
 .debug_aranges
                0x00000280       0x20 c:/nxp/mcuxpressoide_10.1.1_606/ide/tools/bin/../lib/gcc/arm-none-eabi/6.3.1/../../../../arm-none-eabi/lib/thumb/v6-m\libcr_newlib_nohost.a(lseek.o)
 .debug_aranges
                0x000002a0       0x20 c:/nxp/mcuxpressoide_10.1.1_606/ide/tools/bin/../lib/gcc/arm-none-eabi/6.3.1/../../../../arm-none-eabi/lib/thumb/v6-m\libcr_newlib_nohost.a(read.o)
 .debug_aranges
                0x000002c0       0x20 c:/nxp/mcuxpressoide_10.1.1_606/ide/tools/bin/../lib/gcc/arm-none-eabi/6.3.1/../../../../arm-none-eabi/lib/thumb/v6-m\libcr_newlib_nohost.a(write.o)
 .debug_aranges
                0x000002e0       0x20 c:/nxp/mcuxpressoide_10.1.1_606/ide/tools/bin/../lib/gcc/arm-none-eabi/6.3.1/../../../../arm-none-eabi/lib/thumb/v6-m\libcr_newlib_nohost.a(_cr_check_heap.o)

.debug_line     0x00000000     0x3358
 .debug_line    0x00000000      0x21e application\application.o
 .debug_line    0x0000021e      0x239 bsp\clock_config.o
 .debug_line    0x00000457      0x395 bsp\devices\MKE06Z4\drivers\fsl_clock.o
 .debug_line    0x000007ec      0x790 bsp\devices\MKE06Z4\drivers\fsl_i2c.o
 .debug_line    0x00000f7c      0x4ef bsp\devices\MKE06Z4\drivers\fsl_mscan.o
 .debug_line    0x0000146b      0x22a bsp\devices\MKE06Z4\drivers\fsl_port.o
 .debug_line    0x00001695      0x333 bsp\devices\MKE06Z4\drivers\fsl_rtc.o
 .debug_line    0x000019c8      0x496 bsp\devices\MKE06Z4\drivers\fsl_spi.o
 .debug_line    0x00001e5e      0x556 bsp\devices\MKE06Z4\drivers\fsl_uart.o
 .debug_line    0x000023b4      0x15c bsp\devices\MKE06Z4\system_MKE06Z4.o
 .debug_line    0x00002510       0x45 bsp\peripherals.o
 .debug_line    0x00002555      0x216 bsp\pin_mux.o
 .debug_line    0x0000276b       0xbd bsp\startup_MKE06Z4.o
 .debug_line    0x00002828      0x127 c:/nxp/mcuxpressoide_10.1.1_606/ide/tools/bin/../lib/gcc/arm-none-eabi/6.3.1/../../../../arm-none-eabi/lib/thumb/v6-m\libcr_newlib_nohost.a(_cr_sbrk.o)
 .debug_line    0x0000294f       0x3e c:/nxp/mcuxpressoide_10.1.1_606/ide/tools/bin/../lib/gcc/arm-none-eabi/6.3.1/../../../../arm-none-eabi/lib/thumb/v6-m\libcr_newlib_nohost.a(_exit.o)
 .debug_line    0x0000298d      0x116 c:/nxp/mcuxpressoide_10.1.1_606/ide/tools/bin/../lib/gcc/arm-none-eabi/6.3.1/../../../../arm-none-eabi/lib/thumb/v6-m\libcr_newlib_nohost.a(close.o)
 .debug_line    0x00002aa3      0x1e7 c:/nxp/mcuxpressoide_10.1.1_606/ide/tools/bin/../lib/gcc/arm-none-eabi/6.3.1/../../../../arm-none-eabi/lib/thumb/v6-m\libcr_newlib_nohost.a(fstat.o)
 .debug_line    0x00002c8a      0x117 c:/nxp/mcuxpressoide_10.1.1_606/ide/tools/bin/../lib/gcc/arm-none-eabi/6.3.1/../../../../arm-none-eabi/lib/thumb/v6-m\libcr_newlib_nohost.a(getpid.o)
 .debug_line    0x00002da1      0x115 c:/nxp/mcuxpressoide_10.1.1_606/ide/tools/bin/../lib/gcc/arm-none-eabi/6.3.1/../../../../arm-none-eabi/lib/thumb/v6-m\libcr_newlib_nohost.a(isatty.o)
 .debug_line    0x00002eb6      0x115 c:/nxp/mcuxpressoide_10.1.1_606/ide/tools/bin/../lib/gcc/arm-none-eabi/6.3.1/../../../../arm-none-eabi/lib/thumb/v6-m\libcr_newlib_nohost.a(kill.o)
 .debug_line    0x00002fcb      0x116 c:/nxp/mcuxpressoide_10.1.1_606/ide/tools/bin/../lib/gcc/arm-none-eabi/6.3.1/../../../../arm-none-eabi/lib/thumb/v6-m\libcr_newlib_nohost.a(lseek.o)
 .debug_line    0x000030e1      0x115 c:/nxp/mcuxpressoide_10.1.1_606/ide/tools/bin/../lib/gcc/arm-none-eabi/6.3.1/../../../../arm-none-eabi/lib/thumb/v6-m\libcr_newlib_nohost.a(read.o)
 .debug_line    0x000031f6      0x116 c:/nxp/mcuxpressoide_10.1.1_606/ide/tools/bin/../lib/gcc/arm-none-eabi/6.3.1/../../../../arm-none-eabi/lib/thumb/v6-m\libcr_newlib_nohost.a(write.o)
 .debug_line    0x0000330c       0x4c c:/nxp/mcuxpressoide_10.1.1_606/ide/tools/bin/../lib/gcc/arm-none-eabi/6.3.1/../../../../arm-none-eabi/lib/thumb/v6-m\libcr_newlib_nohost.a(_cr_check_heap.o)

.debug_str      0x00000000     0x5680
 .debug_str     0x00000000      0x67b application\application.o
                                0x701 (size before relaxing)
 .debug_str     0x0000067b      0x6cd bsp\clock_config.o
                                0xdbf (size before relaxing)
 .debug_str     0x00000d48      0x551 bsp\devices\MKE06Z4\drivers\fsl_clock.o
                               0x11ee (size before relaxing)
 .debug_str     0x00001299      0xfd9 bsp\devices\MKE06Z4\drivers\fsl_i2c.o
                               0x1bbb (size before relaxing)
 .debug_str     0x00002272      0xdbf bsp\devices\MKE06Z4\drivers\fsl_mscan.o
                               0x1d79 (size before relaxing)
 .debug_str     0x00003031      0xaeb bsp\devices\MKE06Z4\drivers\fsl_port.o
                               0x1100 (size before relaxing)
 .debug_str     0x00003b1c      0x3e4 bsp\devices\MKE06Z4\drivers\fsl_rtc.o
                               0x11d7 (size before relaxing)
 .debug_str     0x00003f00      0x79b bsp\devices\MKE06Z4\drivers\fsl_spi.o
                               0x17b0 (size before relaxing)
 .debug_str     0x0000469b      0xaf8 bsp\devices\MKE06Z4\drivers\fsl_uart.o
                               0x1a9c (size before relaxing)
 .debug_str     0x00005193       0xa3 bsp\devices\MKE06Z4\system_MKE06Z4.o
                                0x22f (size before relaxing)
 .debug_str     0x00005236       0x2f bsp\peripherals.o
                                 0xcd (size before relaxing)
 .debug_str     0x00005265       0xa5 bsp\pin_mux.o
                                0xd7d (size before relaxing)
 .debug_str     0x0000530a      0x196 c:/nxp/mcuxpressoide_10.1.1_606/ide/tools/bin/../lib/gcc/arm-none-eabi/6.3.1/../../../../arm-none-eabi/lib/thumb/v6-m\libcr_newlib_nohost.a(_cr_sbrk.o)
                                0x617 (size before relaxing)
 .debug_str     0x000054a0       0x15 c:/nxp/mcuxpressoide_10.1.1_606/ide/tools/bin/../lib/gcc/arm-none-eabi/6.3.1/../../../../arm-none-eabi/lib/thumb/v6-m\libcr_newlib_nohost.a(_exit.o)
                                0x1ae (size before relaxing)
 .debug_str     0x000054b5       0x16 c:/nxp/mcuxpressoide_10.1.1_606/ide/tools/bin/../lib/gcc/arm-none-eabi/6.3.1/../../../../arm-none-eabi/lib/thumb/v6-m\libcr_newlib_nohost.a(close.o)
                                0x5b6 (size before relaxing)
 .debug_str     0x000054cb      0x119 c:/nxp/mcuxpressoide_10.1.1_606/ide/tools/bin/../lib/gcc/arm-none-eabi/6.3.1/../../../../arm-none-eabi/lib/thumb/v6-m\libcr_newlib_nohost.a(fstat.o)
                                0x717 (size before relaxing)
 .debug_str     0x000055e4       0x18 c:/nxp/mcuxpressoide_10.1.1_606/ide/tools/bin/../lib/gcc/arm-none-eabi/6.3.1/../../../../arm-none-eabi/lib/thumb/v6-m\libcr_newlib_nohost.a(getpid.o)
                                0x5b8 (size before relaxing)
 .debug_str     0x000055fc       0x18 c:/nxp/mcuxpressoide_10.1.1_606/ide/tools/bin/../lib/gcc/arm-none-eabi/6.3.1/../../../../arm-none-eabi/lib/thumb/v6-m\libcr_newlib_nohost.a(isatty.o)
                                0x5bd (size before relaxing)
 .debug_str     0x00005614       0x14 c:/nxp/mcuxpressoide_10.1.1_606/ide/tools/bin/../lib/gcc/arm-none-eabi/6.3.1/../../../../arm-none-eabi/lib/thumb/v6-m\libcr_newlib_nohost.a(kill.o)
                                0x5b4 (size before relaxing)
 .debug_str     0x00005628       0x16 c:/nxp/mcuxpressoide_10.1.1_606/ide/tools/bin/../lib/gcc/arm-none-eabi/6.3.1/../../../../arm-none-eabi/lib/thumb/v6-m\libcr_newlib_nohost.a(lseek.o)
                                0x5bb (size before relaxing)
 .debug_str     0x0000563e        0xe c:/nxp/mcuxpressoide_10.1.1_606/ide/tools/bin/../lib/gcc/arm-none-eabi/6.3.1/../../../../arm-none-eabi/lib/thumb/v6-m\libcr_newlib_nohost.a(read.o)
                                0x5b3 (size before relaxing)
 .debug_str     0x0000564c        0xf c:/nxp/mcuxpressoide_10.1.1_606/ide/tools/bin/../lib/gcc/arm-none-eabi/6.3.1/../../../../arm-none-eabi/lib/thumb/v6-m\libcr_newlib_nohost.a(write.o)
                                0x5b4 (size before relaxing)
 .debug_str     0x0000565b       0x25 c:/nxp/mcuxpressoide_10.1.1_606/ide/tools/bin/../lib/gcc/arm-none-eabi/6.3.1/../../../../arm-none-eabi/lib/thumb/v6-m\libcr_newlib_nohost.a(_cr_check_heap.o)
                                0x166 (size before relaxing)

.comment        0x00000000       0x7f
 .comment       0x00000000       0x7f application\application.o
                                 0x80 (size before relaxing)
 .comment       0x0000007f       0x80 bsp\clock_config.o
 .comment       0x0000007f       0x80 bsp\devices\MKE06Z4\drivers\fsl_clock.o
 .comment       0x0000007f       0x80 bsp\devices\MKE06Z4\drivers\fsl_i2c.o
 .comment       0x0000007f       0x80 bsp\devices\MKE06Z4\drivers\fsl_mscan.o
 .comment       0x0000007f       0x80 bsp\devices\MKE06Z4\drivers\fsl_port.o
 .comment       0x0000007f       0x80 bsp\devices\MKE06Z4\drivers\fsl_rtc.o
 .comment       0x0000007f       0x80 bsp\devices\MKE06Z4\drivers\fsl_spi.o
 .comment       0x0000007f       0x80 bsp\devices\MKE06Z4\drivers\fsl_uart.o
 .comment       0x0000007f       0x80 bsp\devices\MKE06Z4\system_MKE06Z4.o
 .comment       0x0000007f       0x80 bsp\peripherals.o
 .comment       0x0000007f       0x80 bsp\pin_mux.o
 .comment       0x0000007f       0x80 c:/nxp/mcuxpressoide_10.1.1_606/ide/tools/bin/../lib/gcc/arm-none-eabi/6.3.1/../../../../arm-none-eabi/lib/thumb/v6-m\libcr_newlib_nohost.a(_cr_sbrk.o)
 .comment       0x0000007f       0x80 c:/nxp/mcuxpressoide_10.1.1_606/ide/tools/bin/../lib/gcc/arm-none-eabi/6.3.1/../../../../arm-none-eabi/lib/thumb/v6-m\libcr_newlib_nohost.a(_exit.o)
 .comment       0x0000007f       0x80 c:/nxp/mcuxpressoide_10.1.1_606/ide/tools/bin/../lib/gcc/arm-none-eabi/6.3.1/../../../../arm-none-eabi/lib/thumb/v6-m\libcr_newlib_nohost.a(close.o)
 .comment       0x0000007f       0x80 c:/nxp/mcuxpressoide_10.1.1_606/ide/tools/bin/../lib/gcc/arm-none-eabi/6.3.1/../../../../arm-none-eabi/lib/thumb/v6-m\libcr_newlib_nohost.a(fstat.o)
 .comment       0x0000007f       0x80 c:/nxp/mcuxpressoide_10.1.1_606/ide/tools/bin/../lib/gcc/arm-none-eabi/6.3.1/../../../../arm-none-eabi/lib/thumb/v6-m\libcr_newlib_nohost.a(getpid.o)
 .comment       0x0000007f       0x80 c:/nxp/mcuxpressoide_10.1.1_606/ide/tools/bin/../lib/gcc/arm-none-eabi/6.3.1/../../../../arm-none-eabi/lib/thumb/v6-m\libcr_newlib_nohost.a(isatty.o)
 .comment       0x0000007f       0x80 c:/nxp/mcuxpressoide_10.1.1_606/ide/tools/bin/../lib/gcc/arm-none-eabi/6.3.1/../../../../arm-none-eabi/lib/thumb/v6-m\libcr_newlib_nohost.a(kill.o)
 .comment       0x0000007f       0x80 c:/nxp/mcuxpressoide_10.1.1_606/ide/tools/bin/../lib/gcc/arm-none-eabi/6.3.1/../../../../arm-none-eabi/lib/thumb/v6-m\libcr_newlib_nohost.a(lseek.o)
 .comment       0x0000007f       0x80 c:/nxp/mcuxpressoide_10.1.1_606/ide/tools/bin/../lib/gcc/arm-none-eabi/6.3.1/../../../../arm-none-eabi/lib/thumb/v6-m\libcr_newlib_nohost.a(read.o)
 .comment       0x0000007f       0x80 c:/nxp/mcuxpressoide_10.1.1_606/ide/tools/bin/../lib/gcc/arm-none-eabi/6.3.1/../../../../arm-none-eabi/lib/thumb/v6-m\libcr_newlib_nohost.a(write.o)
 .comment       0x0000007f       0x80 c:/nxp/mcuxpressoide_10.1.1_606/ide/tools/bin/../lib/gcc/arm-none-eabi/6.3.1/../../../../arm-none-eabi/lib/thumb/v6-m\libcr_newlib_nohost.a(_cr_check_heap.o)

.debug_frame    0x00000000     0x2d28
 .debug_frame   0x00000000       0x2c application\application.o
 .debug_frame   0x0000002c       0xa4 bsp\clock_config.o
 .debug_frame   0x000000d0      0x3cc bsp\devices\MKE06Z4\drivers\fsl_clock.o
 .debug_frame   0x0000049c      0x588 bsp\devices\MKE06Z4\drivers\fsl_i2c.o
 .debug_frame   0x00000a24      0x5ac bsp\devices\MKE06Z4\drivers\fsl_mscan.o
 .debug_frame   0x00000fd0       0x70 bsp\devices\MKE06Z4\drivers\fsl_port.o
 .debug_frame   0x00001040      0x250 bsp\devices\MKE06Z4\drivers\fsl_rtc.o
 .debug_frame   0x00001290      0x488 bsp\devices\MKE06Z4\drivers\fsl_spi.o
 .debug_frame   0x00001718      0x49c bsp\devices\MKE06Z4\drivers\fsl_uart.o
 .debug_frame   0x00001bb4       0x4c bsp\devices\MKE06Z4\system_MKE06Z4.o
 .debug_frame   0x00001c00       0x2c bsp\peripherals.o
 .debug_frame   0x00001c2c      0x10c bsp\pin_mux.o
 .debug_frame   0x00001d38       0x20 c:/nxp/mcuxpressoide_10.1.1_606/ide/tools/bin/../lib/gcc/arm-none-eabi/6.3.1/thumb/v6-m\libgcc.a(_udivsi3.o)
 .debug_frame   0x00001d58       0x20 c:/nxp/mcuxpressoide_10.1.1_606/ide/tools/bin/../lib/gcc/arm-none-eabi/6.3.1/thumb/v6-m\libgcc.a(_divsi3.o)
 .debug_frame   0x00001d78       0x34 c:/nxp/mcuxpressoide_10.1.1_606/ide/tools/bin/../lib/gcc/arm-none-eabi/6.3.1/thumb/v6-m\libgcc.a(_muldi3.o)
 .debug_frame   0x00001dac       0x3c c:/nxp/mcuxpressoide_10.1.1_606/ide/tools/bin/../lib/gcc/arm-none-eabi/6.3.1/thumb/v6-m\libgcc.a(_udivmoddi4.o)
 .debug_frame   0x00001de8       0x44 c:/nxp/mcuxpressoide_10.1.1_606/ide/tools/bin/../lib/gcc/arm-none-eabi/6.3.1/../../../../arm-none-eabi/lib/thumb/v6-m\libc.a(lib_a-assert.o)
 .debug_frame   0x00001e2c       0x28 c:/nxp/mcuxpressoide_10.1.1_606/ide/tools/bin/../lib/gcc/arm-none-eabi/6.3.1/../../../../arm-none-eabi/lib/thumb/v6-m\libc.a(lib_a-exit.o)
 .debug_frame   0x00001e54       0x48 c:/nxp/mcuxpressoide_10.1.1_606/ide/tools/bin/../lib/gcc/arm-none-eabi/6.3.1/../../../../arm-none-eabi/lib/thumb/v6-m\libc.a(lib_a-fiprintf.o)
 .debug_frame   0x00001e9c       0x2c c:/nxp/mcuxpressoide_10.1.1_606/ide/tools/bin/../lib/gcc/arm-none-eabi/6.3.1/../../../../arm-none-eabi/lib/thumb/v6-m\libc.a(lib_a-init.o)
 .debug_frame   0x00001ec8       0x30 c:/nxp/mcuxpressoide_10.1.1_606/ide/tools/bin/../lib/gcc/arm-none-eabi/6.3.1/../../../../arm-none-eabi/lib/thumb/v6-m\libc.a(lib_a-memcpy-stub.o)
 .debug_frame   0x00001ef8       0x30 c:/nxp/mcuxpressoide_10.1.1_606/ide/tools/bin/../lib/gcc/arm-none-eabi/6.3.1/../../../../arm-none-eabi/lib/thumb/v6-m\libc.a(lib_a-memset.o)
 .debug_frame   0x00001f28       0x28 c:/nxp/mcuxpressoide_10.1.1_606/ide/tools/bin/../lib/gcc/arm-none-eabi/6.3.1/../../../../arm-none-eabi/lib/thumb/v6-m\libc.a(lib_a-strlen-stub.o)
 .debug_frame   0x00001f50       0xbc c:/nxp/mcuxpressoide_10.1.1_606/ide/tools/bin/../lib/gcc/arm-none-eabi/6.3.1/../../../../arm-none-eabi/lib/thumb/v6-m\libc.a(lib_a-vfiprintf.o)
 .debug_frame   0x0000200c       0x2c c:/nxp/mcuxpressoide_10.1.1_606/ide/tools/bin/../lib/gcc/arm-none-eabi/6.3.1/../../../../arm-none-eabi/lib/thumb/v6-m\libc.a(lib_a-wsetup.o)
 .debug_frame   0x00002038       0x54 c:/nxp/mcuxpressoide_10.1.1_606/ide/tools/bin/../lib/gcc/arm-none-eabi/6.3.1/../../../../arm-none-eabi/lib/thumb/v6-m\libc.a(lib_a-__call_atexit.o)
 .debug_frame   0x0000208c       0x28 c:/nxp/mcuxpressoide_10.1.1_606/ide/tools/bin/../lib/gcc/arm-none-eabi/6.3.1/../../../../arm-none-eabi/lib/thumb/v6-m\libc.a(lib_a-abort.o)
 .debug_frame   0x000020b4       0x28 c:/nxp/mcuxpressoide_10.1.1_606/ide/tools/bin/../lib/gcc/arm-none-eabi/6.3.1/../../../../arm-none-eabi/lib/thumb/v6-m\libc.a(lib_a-atexit.o)
 .debug_frame   0x000020dc       0x68 c:/nxp/mcuxpressoide_10.1.1_606/ide/tools/bin/../lib/gcc/arm-none-eabi/6.3.1/../../../../arm-none-eabi/lib/thumb/v6-m\libc.a(lib_a-fflush.o)
 .debug_frame   0x00002144      0x170 c:/nxp/mcuxpressoide_10.1.1_606/ide/tools/bin/../lib/gcc/arm-none-eabi/6.3.1/../../../../arm-none-eabi/lib/thumb/v6-m\libc.a(lib_a-findfp.o)
 .debug_frame   0x000022b4       0x2c c:/nxp/mcuxpressoide_10.1.1_606/ide/tools/bin/../lib/gcc/arm-none-eabi/6.3.1/../../../../arm-none-eabi/lib/thumb/v6-m\libc.a(lib_a-fini.o)
 .debug_frame   0x000022e0       0x70 c:/nxp/mcuxpressoide_10.1.1_606/ide/tools/bin/../lib/gcc/arm-none-eabi/6.3.1/../../../../arm-none-eabi/lib/thumb/v6-m\libc.a(lib_a-fputwc.o)
 .debug_frame   0x00002350       0x50 c:/nxp/mcuxpressoide_10.1.1_606/ide/tools/bin/../lib/gcc/arm-none-eabi/6.3.1/../../../../arm-none-eabi/lib/thumb/v6-m\libc.a(lib_a-freer.o)
 .debug_frame   0x000023a0       0x3c c:/nxp/mcuxpressoide_10.1.1_606/ide/tools/bin/../lib/gcc/arm-none-eabi/6.3.1/../../../../arm-none-eabi/lib/thumb/v6-m\libc.a(lib_a-fvwrite.o)
 .debug_frame   0x000023dc       0x5c c:/nxp/mcuxpressoide_10.1.1_606/ide/tools/bin/../lib/gcc/arm-none-eabi/6.3.1/../../../../arm-none-eabi/lib/thumb/v6-m\libc.a(lib_a-fwalk.o)
 .debug_frame   0x00002438       0x74 c:/nxp/mcuxpressoide_10.1.1_606/ide/tools/bin/../lib/gcc/arm-none-eabi/6.3.1/../../../../arm-none-eabi/lib/thumb/v6-m\libc.a(lib_a-locale.o)
 .debug_frame   0x000024ac       0xb0 c:/nxp/mcuxpressoide_10.1.1_606/ide/tools/bin/../lib/gcc/arm-none-eabi/6.3.1/../../../../arm-none-eabi/lib/thumb/v6-m\libc.a(lib_a-lock.o)
 .debug_frame   0x0000255c       0x50 c:/nxp/mcuxpressoide_10.1.1_606/ide/tools/bin/../lib/gcc/arm-none-eabi/6.3.1/../../../../arm-none-eabi/lib/thumb/v6-m\libc.a(lib_a-makebuf.o)
 .debug_frame   0x000025ac       0x3c c:/nxp/mcuxpressoide_10.1.1_606/ide/tools/bin/../lib/gcc/arm-none-eabi/6.3.1/../../../../arm-none-eabi/lib/thumb/v6-m\libc.a(lib_a-mallocr.o)
 .debug_frame   0x000025e8       0x40 c:/nxp/mcuxpressoide_10.1.1_606/ide/tools/bin/../lib/gcc/arm-none-eabi/6.3.1/../../../../arm-none-eabi/lib/thumb/v6-m\libc.a(lib_a-mbtowc_r.o)
 .debug_frame   0x00002628       0x2c c:/nxp/mcuxpressoide_10.1.1_606/ide/tools/bin/../lib/gcc/arm-none-eabi/6.3.1/../../../../arm-none-eabi/lib/thumb/v6-m\libc.a(lib_a-memchr-stub.o)
 .debug_frame   0x00002654       0x30 c:/nxp/mcuxpressoide_10.1.1_606/ide/tools/bin/../lib/gcc/arm-none-eabi/6.3.1/../../../../arm-none-eabi/lib/thumb/v6-m\libc.a(lib_a-memmove.o)
 .debug_frame   0x00002684       0x40 c:/nxp/mcuxpressoide_10.1.1_606/ide/tools/bin/../lib/gcc/arm-none-eabi/6.3.1/../../../../arm-none-eabi/lib/thumb/v6-m\libc.a(lib_a-mlock.o)
 .debug_frame   0x000026c4       0x3c c:/nxp/mcuxpressoide_10.1.1_606/ide/tools/bin/../lib/gcc/arm-none-eabi/6.3.1/../../../../arm-none-eabi/lib/thumb/v6-m\libc.a(lib_a-reallocr.o)
 .debug_frame   0x00002700       0x2c c:/nxp/mcuxpressoide_10.1.1_606/ide/tools/bin/../lib/gcc/arm-none-eabi/6.3.1/../../../../arm-none-eabi/lib/thumb/v6-m\libc.a(lib_a-sbrkr.o)